Archive member included because of file (symbol)

/usr/lib/libc_nonshared.a(elf-init.oS)
                              /usr/lib/crt1.o (__libc_csu_fini)

Allocating common symbols
Common symbol       size              file

loaders             0x80              src/SOIL/projects/makefile/obj/stb_image_aug.o

Discarded input sections

 .note.GNU-stack
                0x0000000000000000        0x0 /usr/lib/crt1.o
 .gnu_debuglink
                0x0000000000000000        0xc /usr/lib/crt1.o
 .note.GNU-stack
                0x0000000000000000        0x0 /usr/lib/crti.o
 .gnu_debuglink
                0x0000000000000000        0xc /usr/lib/crti.o
 .note.GNU-stack
                0x0000000000000000        0x0 /usr/local/lib/gcc/i686-pc-linux-gnu/4.5.0/crtbegin.o
 .note.GNU-stack
                0x0000000000000000        0x0 ./objs/argss.o
 .note.GNU-stack
                0x0000000000000000        0x0 ./objs/argss_audio.o
 .note.GNU-stack
                0x0000000000000000        0x0 ./objs/argss_bitmap.o
 .note.GNU-stack
                0x0000000000000000        0x0 ./objs/argss_color.o
 .note.GNU-stack
                0x0000000000000000        0x0 ./objs/argss_error.o
 .note.GNU-stack
                0x0000000000000000        0x0 ./objs/argss_font.o
 .note.GNU-stack
                0x0000000000000000        0x0 ./objs/argss_graphics.o
 .note.GNU-stack
                0x0000000000000000        0x0 ./objs/argss_input.o
 .note.GNU-stack
                0x0000000000000000        0x0 ./objs/argss_keys.o
 .note.GNU-stack
                0x0000000000000000        0x0 ./objs/argss_output.o
 .note.GNU-stack
                0x0000000000000000        0x0 ./objs/argss_plane.o
 .note.GNU-stack
                0x0000000000000000        0x0 ./objs/argss_rect.o
 .note.GNU-stack
                0x0000000000000000        0x0 ./objs/argss_rpg.o
 .note.GNU-stack
                0x0000000000000000        0x0 ./objs/argss_rpg_cache.o
 .note.GNU-stack
                0x0000000000000000        0x0 ./objs/argss_rpg_sprite.o
 .note.GNU-stack
                0x0000000000000000        0x0 ./objs/argss_rpg_weather.o
 .group         0x0000000000000000        0x8 ./objs/argss_ruby.o
 .note.GNU-stack
                0x0000000000000000        0x0 ./objs/argss_ruby.o
 .note.GNU-stack
                0x0000000000000000        0x0 ./objs/argss_sprite.o
 .note.GNU-stack
                0x0000000000000000        0x0 ./objs/argss_table.o
 .note.GNU-stack
                0x0000000000000000        0x0 ./objs/argss_tilemap_xp.o
 .note.GNU-stack
                0x0000000000000000        0x0 ./objs/argss_tilemapautotiles_xp.o
 .note.GNU-stack
                0x0000000000000000        0x0 ./objs/argss_tone.o
 .note.GNU-stack
                0x0000000000000000        0x0 ./objs/argss_viewport.o
 .note.GNU-stack
                0x0000000000000000        0x0 ./objs/argss_window_xp.o
 .group         0x0000000000000000        0x8 ./objs/audio.o
 .group         0x0000000000000000        0x8 ./objs/audio.o
 _ZNSt8_Rb_treeIiSt4pairIKiP9Mix_ChunkESt10_Select1stIS4_ESt4lessIiESaIS4_EE13_Rb_tree_implIS8_Lb0EEC5Ev
                0x0000000000000000        0x8 ./objs/audio.o
 .group         0x0000000000000000        0x8 ./objs/audio.o
 _ZNSt8_Rb_treeIiSt4pairIKiP9Mix_ChunkESt10_Select1stIS4_ESt4lessIiESaIS4_EED5Ev
                0x0000000000000000        0x8 ./objs/audio.o
 _ZNSt3mapIiP9Mix_ChunkSt4lessIiESaISt4pairIKiS1_EEED5Ev
                0x0000000000000000        0x8 ./objs/audio.o
 .group         0x0000000000000000        0x8 ./objs/audio.o
 .group         0x0000000000000000        0x8 ./objs/audio.o
 .group         0x0000000000000000        0x8 ./objs/audio.o
 .group         0x0000000000000000        0x8 ./objs/audio.o
 .group         0x0000000000000000        0x8 ./objs/audio.o
 .group         0x0000000000000000        0x8 ./objs/audio.o
 .group         0x0000000000000000        0x8 ./objs/audio.o
 .text._ZSteqIcSt11char_traitsIcESaIcEEbRKSbIT_T0_T1_EPKS3_
                0x0000000000000000       0x3c ./objs/audio.o
 .note.GNU-stack
                0x0000000000000000        0x0 ./objs/audio.o
 _ZNSt6vectorIjSaIjEED5Ev
                0x0000000000000000        0x8 ./objs/bitmap.o
 .group         0x0000000000000000        0x8 ./objs/bitmap.o
 .group         0x0000000000000000        0x8 ./objs/bitmap.o
 .group         0x0000000000000000        0x8 ./objs/bitmap.o
 .group         0x0000000000000000        0x8 ./objs/bitmap.o
 .group         0x0000000000000000        0x8 ./objs/bitmap.o
 _ZNSt8_Rb_treeImSt4pairIKmP6BitmapESt10_Select1stIS4_ESt4lessImESaIS4_EE13_Rb_tree_implIS8_Lb0EEC5Ev
                0x0000000000000000        0x8 ./objs/bitmap.o
 .group         0x0000000000000000        0x8 ./objs/bitmap.o
 _ZNSt8_Rb_treeImSt4pairIKmP6BitmapESt10_Select1stIS4_ESt4lessImESaIS4_EED5Ev
                0x0000000000000000        0x8 ./objs/bitmap.o
 _ZNSt3mapImP6BitmapSt4lessImESaISt4pairIKmS1_EEED5Ev
                0x0000000000000000        0x8 ./objs/bitmap.o
[...]
Memory Configuration

Name             Origin             Length             Attributes
*default*        0x0000000000000000 0xffffffffffffffff

Linker script and memory map

LOAD /usr/lib/crt1.o
LOAD /usr/lib/crti.o
LOAD /usr/local/lib/gcc/i686-pc-linux-gnu/4.5.0/crtbegin.o
LOAD ./objs/argss.o
LOAD ./objs/argss_audio.o
LOAD ./objs/argss_bitmap.o
LOAD ./objs/argss_color.o
LOAD ./objs/argss_error.o
LOAD ./objs/argss_font.o
LOAD ./objs/argss_graphics.o
LOAD ./objs/argss_input.o
LOAD ./objs/argss_keys.o
LOAD ./objs/argss_output.o
LOAD ./objs/argss_plane.o
LOAD ./objs/argss_rect.o
LOAD ./objs/argss_rpg.o
LOAD ./objs/argss_rpg_cache.o
LOAD ./objs/argss_rpg_sprite.o
LOAD ./objs/argss_rpg_weather.o
LOAD ./objs/argss_ruby.o
LOAD ./objs/argss_sprite.o
LOAD ./objs/argss_table.o
LOAD ./objs/argss_tilemap_xp.o
LOAD ./objs/argss_tilemapautotiles_xp.o
LOAD ./objs/argss_tone.o
LOAD ./objs/argss_viewport.o
LOAD ./objs/argss_window_xp.o
LOAD ./objs/audio.o
LOAD ./objs/bitmap.o
LOAD ./objs/buffer.o
LOAD ./objs/color.o
LOAD ./objs/console_qt.o
LOAD ./objs/filefinder_qt.o
LOAD ./objs/graphics.o
LOAD ./objs/hslrgb.o
LOAD ./objs/input.o
LOAD ./objs/inputbuttons_qt.o
LOAD ./objs/inputkeys.o
LOAD ./objs/main.o
LOAD ./objs/msgbox_qt.o
LOAD ./objs/output.o
LOAD ./objs/plane.o
LOAD ./objs/player.o
LOAD ./objs/rect.o
LOAD ./objs/socket.o
LOAD ./objs/sprite.o
LOAD ./objs/system.o
LOAD ./objs/text.o
LOAD ./objs/tilemap_xp.o
LOAD ./objs/time_qt.o
LOAD ./objs/tone.o
LOAD ./objs/viewport.o
LOAD ./objs/window_xp.o
LOAD ./objs/windowui_qt.o
LOAD ./objs/zobj.o
LOAD src/SOIL/projects/makefile/obj/SOIL.o
LOAD src/SOIL/projects/makefile/obj/image_DXT.o
LOAD src/SOIL/projects/makefile/obj/image_helper.o
LOAD src/SOIL/projects/makefile/obj/stb_image_aug.o
LOAD ./objs/ConvertUTF.o
LOAD /usr/lib/libSDL.so
LOAD /usr/lib/libGL.so
LOAD /usr/lib/libfreetype.so
LOAD /usr/lib/libz.so
LOAD /usr/lib/libSDL_mixer.so
LOAD /usr/lib/libQtGui.so
LOAD /usr/lib/libQtCore.so
LOAD /usr/lib/libQtOpenGL.so
LOAD /usr/lib/libruby-1.9.1.so
LOAD /usr/local/lib/gcc/i686-pc-linux-gnu/4.5.0/../../../libstdc++.so
LOAD /usr/lib/libm.so
LOAD /usr/local/lib/gcc/i686-pc-linux-gnu/4.5.0/../../../libgcc_s.so
LOAD /usr/local/lib/gcc/i686-pc-linux-gnu/4.5.0/libgcc.a
LOAD /usr/lib/libc.so
START GROUP
LOAD /lib/libc.so.6
LOAD /usr/lib/libc_nonshared.a
LOAD /lib/ld-linux.so.2
END GROUP
LOAD /usr/local/lib/gcc/i686-pc-linux-gnu/4.5.0/../../../libgcc_s.so
LOAD /usr/local/lib/gcc/i686-pc-linux-gnu/4.5.0/libgcc.a
LOAD /usr/local/lib/gcc/i686-pc-linux-gnu/4.5.0/crtend.o
LOAD /usr/lib/crtn.o
                0x0000000008048000                PROVIDE (__executable_start, 0x8048000)
                0x0000000008048134                . = (0x8048000 + SIZEOF_HEADERS)

.interp         0x0000000008048134       0x13
 *(.interp)
 .interp        0x0000000008048134       0x13 /usr/lib/crt1.o

.note.ABI-tag   0x0000000008048148       0x20
 .note.ABI-tag  0x0000000008048148       0x20 /usr/lib/crt1.o

.note.gnu.build-id
 *(.note.gnu.build-id)

.hash           0x0000000008048168      0x9bc
 *(.hash)
 .hash          0x0000000008048168      0x9bc /usr/lib/crt1.o

.gnu.hash
 *(.gnu.hash)

.dynsym         0x0000000008048b24     0x1660
 *(.dynsym)
 .dynsym        0x0000000008048b24     0x1660 /usr/lib/crt1.o

.dynstr         0x000000000804a184     0x1f00
 *(.dynstr)
 .dynstr        0x000000000804a184     0x1f00 /usr/lib/crt1.o

.gnu.version    0x000000000804c084      0x2cc
 *(.gnu.version)
 .gnu.version   0x000000000804c084      0x2cc /usr/lib/crt1.o

.gnu.version_d  0x000000000804c350        0x0
 *(.gnu.version_d)
 .gnu.version_d
                0x0000000000000000        0x0 /usr/lib/crt1.o

.gnu.version_r  0x000000000804c350       0xf0
 *(.gnu.version_r)
 .gnu.version_r
                0x000000000804c350       0xf0 /usr/lib/crt1.o

.rel.dyn        0x000000000804c440       0xc0
 *(.rel.init)
 *(.rel.text .rel.text.* .rel.gnu.linkonce.t.*)
 .rel.text      0x0000000000000000        0x0 /usr/lib/crt1.o
 .rel.text._ZSteqIcSt11char_traitsIcESaIcEEbRKSbIT_T0_T1_EPKS3_
                0x0000000000000000        0x0 /usr/lib/crt1.o
 .rel.text._ZNSt8_Rb_treeIiSt4pairIKiP9Mix_ChunkESt10_Select1stIS4_ESt4lessIiESaIS4_EE5eraseESt17_Rb_tree_iteratorIS4_E
                0x0000000000000000        0x0 /usr/lib/crt1.o
 .rel.text._ZNSt8_Rb_treeIiSt4pairIKiP9Mix_ChunkESt10_Select1stIS4_ESt4lessIiESaIS4_EE13_Rb_tree_implIS8_Lb0EEC2Ev
                0x0000000000000000        0x0 /usr/lib/crt1.o
 .rel.text._ZNSt8_Rb_treeIiSt4pairIKiP9Mix_ChunkESt10_Select1stIS4_ESt4lessIiESaIS4_EE8_M_eraseEPSt13_Rb_tree_nodeIS4_E
                0x0000000000000000        0x0 /usr/lib/crt1.o
 .rel.text._ZNSt8_Rb_treeIiSt4pairIKiP9Mix_ChunkESt10_Select1stIS4_ESt4lessIiESaIS4_EED2Ev
                0x0000000000000000        0x0 /usr/lib/crt1.o
 .rel.text._ZNSt3mapIiP9Mix_ChunkSt4lessIiESaISt4pairIKiS1_EEED2Ev
                0x0000000000000000        0x0 /usr/lib/crt1.o
 .rel.text._ZNSt8_Rb_treeIiSt4pairIKiP9Mix_ChunkESt10_Select1stIS4_ESt4lessIiESaIS4_EE5clearEv
                0x0000000000000000        0x0 /usr/lib/crt1.o
 .rel.text._ZNSt8_Rb_treeIiSt4pairIKiP9Mix_ChunkESt10_Select1stIS4_ESt4lessIiESaIS4_EE11lower_boundERS1_
                0x0000000000000000        0x0 /usr/lib/crt1.o
 .rel.text._ZNSt8_Rb_treeIiSt4pairIKiP9Mix_ChunkESt10_Select1stIS4_ESt4lessIiESaIS4_EE10_M_insert_EPKSt18_Rb_tree_node_baseSD_RKS4_
                0x0000000000000000        0x0 /usr/lib/crt1.o
 .rel.text._ZNSt8_Rb_treeIiSt4pairIKiP9Mix_ChunkESt10_Select1stIS4_ESt4lessIiESaIS4_EE16_M_insert_uniqueERKS4_
                0x0000000000000000        0x0 /usr/lib/crt1.o
 .rel.text._ZNSt8_Rb_treeIiSt4pairIKiP9Mix_ChunkESt10_Select1stIS4_ESt4lessIiESaIS4_EE17_M_insert_unique_ESt23_Rb_tree_const_iteratorIS4_ERKS4_
                0x0000000000000000        0x0 /usr/lib/crt1.o
 .rel.text._ZNSt3mapIiP9Mix_ChunkSt4lessIiESaISt4pairIKiS1_EEE6insertESt17_Rb_tree_iteratorIS6_ERKS6_
                0x0000000000000000        0x0 /usr/lib/crt1.o
 .rel.text._ZNSt3mapIiP9Mix_ChunkSt4lessIiESaISt4pairIKiS1_EEEixERS5_
                0x0000000000000000        0x0 /usr/lib/crt1.o
 .rel.text._ZNSt6vectorIjSaIjEED2Ev
                0x0000000000000000        0x0 /usr/lib/crt1.o
 .rel.text._ZNKSt8_Rb_treeImSt4pairIKmP6BitmapESt10_Select1stIS4_ESt4lessImESaIS4_EE4findERS1_
                0x0000000000000000        0x0 /usr/lib/crt1.o
 .rel.text._ZNKSt3mapImP6BitmapSt4lessImESaISt4pairIKmS1_EEE5countERS5_
                0x0000000000000000        0x0 /usr/lib/crt1.o
 .rel.text._ZNSt8_Rb_treeImSt4pairIKmP6BitmapESt10_Select1stIS4_ESt4lessImESaIS4_EE4findERS1_
                0x0000000000000000        0x0 /usr/lib/crt1.o
 .rel.text._ZNSt8_Rb_treeImSt4pairIKmP6BitmapESt10_Select1stIS4_ESt4lessImESaIS4_EE5eraseESt17_Rb_tree_iteratorIS4_E
                0x0000000000000000        0x0 /usr/lib/crt1.o
 .rel.text._ZNSt8_Rb_treeImSt4pairIKmP6BitmapESt10_Select1stIS4_ESt4lessImESaIS4_EE13_Rb_tree_implIS8_Lb0EEC2Ev
                0x0000000000000000        0x0 /usr/lib/crt1.o
 .rel.text._ZNSt8_Rb_treeImSt4pairIKmP6BitmapESt10_Select1stIS4_ESt4lessImESaIS4_EE8_M_eraseEPSt13_Rb_tree_nodeIS4_E
                0x0000000000000000        0x0 /usr/lib/crt1.o
 .rel.text._ZNSt8_Rb_treeImSt4pairIKmP6BitmapESt10_Select1stIS4_ESt4lessImESaIS4_EED2Ev
                0x0000000000000000        0x0 /usr/lib/crt1.o
 .rel.text._ZNSt3mapImP6BitmapSt4lessImESaISt4pairIKmS1_EEED2Ev
                0x0000000000000000        0x0 /usr/lib/crt1.o
 .rel.text._ZNSt8_Rb_treeImSt4pairIKmP6BitmapESt10_Select1stIS4_ESt4lessImESaIS4_EE5clearEv
                0x0000000000000000        0x0 /usr/lib/crt1.o
 .rel.text._ZNSt8_Rb_treeImSt4pairIKmP6BitmapESt10_Select1stIS4_ESt4lessImESaIS4_EE11lower_boundERS1_
                0x0000000000000000        0x0 /usr/lib/crt1.o
 .rel.text._ZNKSt6vectorIjSaIjEE12_M_check_lenEjPKc
                0x0000000000000000        0x0 /usr/lib/crt1.o
 .rel.text._ZNSt8_Rb_treeImSt4pairIKmP6BitmapESt10_Select1stIS4_ESt4lessImESaIS4_EE10_M_insert_EPKSt18_Rb_tree_node_baseSD_RKS4_
                0x0000000000000000        0x0 /usr/lib/crt1.o
 .rel.text._ZNSt8_Rb_treeImSt4pairIKmP6BitmapESt10_Select1stIS4_ESt4lessImESaIS4_EE16_M_insert_uniqueERKS4_
                0x0000000000000000        0x0 /usr/lib/crt1.o
 .rel.text._ZNSt8_Rb_treeImSt4pairIKmP6BitmapESt10_Select1stIS4_ESt4lessImESaIS4_EE17_M_insert_unique_ESt23_Rb_tree_const_iteratorIS4_ERKS4_
                0x0000000000000000        0x0 /usr/lib/crt1.o
 .rel.text._ZNSt3mapImP6BitmapSt4lessImESaISt4pairIKmS1_EEE6insertESt17_Rb_tree_iteratorIS6_ERKS6_
                0x0000000000000000        0x0 /usr/lib/crt1.o
 .rel.text._ZNSt3mapImP6BitmapSt4lessImESaISt4pairIKmS1_EEEixERS5_
                0x0000000000000000        0x0 /usr/lib/crt1.o
 .rel.text._ZNSt20__copy_move_backwardILb0ELb1ESt26random_access_iterator_tagE13__copy_move_bIjEEPT_PKS3_S6_S4_
                0x0000000000000000        0x0 /usr/lib/crt1.o
 .rel.text._ZNSt11__copy_moveILb0ELb1ESt26random_access_iterator_tagE8__copy_mIjEEPT_PKS3_S6_S4_
                0x0000000000000000        0x0 /usr/lib/crt1.o
 .rel.text._ZNSt6vectorIjSaIjEE14_M_fill_insertEN9__gnu_cxx17__normal_iteratorIPjS1_EEjRKj
                0x0000000000000000        0x0 /usr/lib/crt1.o
 .rel.text._ZNSt6vectorIjSaIjEE6resizeEjj
                0x0000000000000000        0x0 /usr/lib/crt1.o
 .rel.text._ZStneIcSt11char_traitsIcESaIcEEbRKSbIT_T0_T1_EPKS3_
                0x0000000000000000        0x0 /usr/lib/crt1.o
 .rel.text._ZN15QBasicAtomicInt5derefEv
                0x0000000000000000        0x0 /usr/lib/crt1.o
 .rel.text._ZN7QStringC2EPKc
                0x0000000000000000        0x0 /usr/lib/crt1.o
 .rel.text._ZN7QStringD2Ev
                0x0000000000000000        0x0 /usr/lib/crt1.o
 .rel.text._ZN8WindowUi8SetTitleERKSs
                0x0000000000000000        0x0 /usr/lib/crt1.o
 .rel.text._ZNSt4listI4ZObjSaIS0_EE9push_backERKS0_
                0x0000000000000000        0x0 /usr/lib/crt1.o
 .rel.text._ZNSt4listI4ZObjSaIS0_EE9remove_ifI14remove_zobj_idEEvT_
                0x0000000000000000        0x0 /usr/lib/crt1.o
 .rel.text._ZNSt4listI4ZObjSaIS0_EE5mergeIPFbRS0_S4_EEEvRS2_T_
                0x0000000000000000        0x0 /usr/lib/crt1.o
 .rel.text._ZNSt8_Rb_treeImSt4pairIKmP8DrawableESt10_Select1stIS4_ESt4lessImESaIS4_EE13_Rb_tree_implIS8_Lb0EEC2Ev
                0x0000000000000000        0x0 /usr/lib/crt1.o
 .rel.text._ZNSt8_Rb_treeImSt4pairIKmP8DrawableESt10_Select1stIS4_ESt4lessImESaIS4_EE8_M_eraseEPSt13_Rb_tree_nodeIS4_E
                0x0000000000000000        0x0 /usr/lib/crt1.o
 .rel.text._ZNSt8_Rb_treeImSt4pairIKmP8DrawableESt10_Select1stIS4_ESt4lessImESaIS4_EED2Ev
                0x0000000000000000        0x0 /usr/lib/crt1.o
 .rel.text._ZNSt3mapImP8DrawableSt4lessImESaISt4pairIKmS1_EEED2Ev
                0x0000000000000000        0x0 /usr/lib/crt1.o
 .rel.text._ZNSt8_Rb_treeImSt4pairIKmP8DrawableESt10_Select1stIS4_ESt4lessImESaIS4_EE5clearEv
                0x0000000000000000        0x0 /usr/lib/crt1.o
 .rel.text._ZNSt10_List_baseI4ZObjSaIS0_EE8_M_clearEv
                0x0000000000000000        0x0 /usr/lib/crt1.o
 .rel.text._ZNSt4listI4ZObjSaIS0_EED2Ev
                0x0000000000000000        0x0 /usr/lib/crt1.o
 .rel.text._ZNSt4listI4ZObjSaIS0_EE4sortIPFbRS0_S4_EEEvT_
                0x0000000000000000        0x0 /usr/lib/crt1.o
 .rel.text._ZNSt8_Rb_treeImSt4pairIKmP8DrawableESt10_Select1stIS4_ESt4lessImESaIS4_EE11lower_boundERS1_
                0x0000000000000000        0x0 /usr/lib/crt1.o
 .rel.text._ZNSt8_Rb_treeImSt4pairIKmP8DrawableESt10_Select1stIS4_ESt4lessImESaIS4_EE10_M_insert_EPKSt18_Rb_tree_node_baseSD_RKS4_
                0x0000000000000000        0x0 /usr/lib/crt1.o
 .rel.text._ZNSt8_Rb_treeImSt4pairIKmP8DrawableESt10_Select1stIS4_ESt4lessImESaIS4_EE16_M_insert_uniqueERKS4_
                0x0000000000000000        0x0 /usr/lib/crt1.o
 .rel.text._ZNSt8_Rb_treeImSt4pairIKmP8DrawableESt10_Select1stIS4_ESt4lessImESaIS4_EE17_M_insert_unique_ESt23_Rb_tree_const_iteratorIS4_ERKS4_
                0x0000000000000000        0x0 /usr/lib/crt1.o
 .rel.text._ZNSt3mapImP8DrawableSt4lessImESaISt4pairIKmS1_EEE6insertESt17_Rb_tree_iteratorIS6_ERKS6_
                0x0000000000000000        0x0 /usr/lib/crt1.o
 .rel.text._ZNSt3mapImP8DrawableSt4lessImESaISt4pairIKmS1_EEEixERS5_
                0x0000000000000000        0x0 /usr/lib/crt1.o
 .rel.text._ZNSt6vectorIiSaIiEED2Ev
                0x0000000000000000        0x0 /usr/lib/crt1.o
 .rel.text._ZNSt6vectorIbSaIbEED2Ev
                0x0000000000000000        0x0 /usr/lib/crt1.o
 .rel.text._ZNSt14_Bit_referenceaSEb
                0x0000000000000000        0x0 /usr/lib/crt1.o
 .rel.text._ZNSt14_Bit_referenceaSERKS_
                0x0000000000000000        0x0 /usr/lib/crt1.o
 .rel.text._ZNSt18_Bit_iterator_base10_M_bump_upEv
                0x0000000000000000        0x0 /usr/lib/crt1.o
 .rel.text._ZNSt18_Bit_iterator_base12_M_bump_downEv
                0x0000000000000000        0x0 /usr/lib/crt1.o
 .rel.text._ZNSt18_Bit_iterator_base7_M_incrEi
                0x0000000000000000        0x0 /usr/lib/crt1.o
 .rel.text._ZNKSt18_Bit_iterator_baseneERKS_
                0x0000000000000000        0x0 /usr/lib/crt1.o
 .rel.text._ZNKSt13_Bit_iteratorplEi
                0x0000000000000000        0x0 /usr/lib/crt1.o
 .rel.text._ZNKSt19_Bit_const_iteratordeEv
                0x0000000000000000        0x0 /usr/lib/crt1.o
 .rel.text._ZSt14__fill_bvectorSt13_Bit_iteratorS_b
                0x0000000000000000        0x0 /usr/lib/crt1.o
 .rel.text._ZSt4fillSt13_Bit_iteratorS_RKb
                0x0000000000000000        0x0 /usr/lib/crt1.o
 .rel.text._ZNKSt6vectorIbSaIbEE4sizeEv
                0x0000000000000000        0x0 /usr/lib/crt1.o
 .rel.text._ZNSt6vectorIbSaIbEE13_M_initializeEj
                0x0000000000000000        0x0 /usr/lib/crt1.o
 .rel.text._ZNKSt8_Rb_treeIiSt4pairIKiSt6vectorIiSaIiEEESt10_Select1stIS5_ESt4lessIiESaIS5_EE4findERS1_
                0x0000000000000000        0x0 /usr/lib/crt1.o
 .rel.text._ZNKSt3mapIiSt6vectorIiSaIiEESt4lessIiESaISt4pairIKiS2_EEE5countERS6_
                0x0000000000000000        0x0 /usr/lib/crt1.o
 .rel.text._ZNKSt6vectorIiSaIiEE12_M_check_lenEjPKc
                0x0000000000000000        0x0 /usr/lib/crt1.o
 .rel.text._ZNSt8_Rb_treeIiSt4pairIKiSt6vectorIiSaIiEEESt10_Select1stIS5_ESt4lessIiESaIS5_EE11lower_boundERS1_
                0x0000000000000000        0x0 /usr/lib/crt1.o
 .rel.text._ZNKSt6vectorIbSaIbEE8capacityEv
                0x0000000000000000        0x0 /usr/lib/crt1.o
 .rel.text._ZNKSt6vectorIbSaIbEE12_M_check_lenEjPKc
                0x0000000000000000        0x0 /usr/lib/crt1.o
 .rel.text._ZNKSt6vectorIS_IiSaIiEESaIS1_EE12_M_check_lenEjPKc
                0x0000000000000000        0x0 /usr/lib/crt1.o
 .rel.text._ZNSt12_Destroy_auxILb0EE9__destroyIPSt6vectorIiSaIiEEEEvT_S6_
                0x0000000000000000        0x0 /usr/lib/crt1.o
 .rel.text._ZNSt6vectorIS_IiSaIiEESaIS1_EED2Ev
                0x0000000000000000        0x0 /usr/lib/crt1.o
 .rel.text._ZNSt20__copy_move_backwardILb0ELb1ESt26random_access_iterator_tagE13__copy_move_bIiEEPT_PKS3_S6_S4_
                0x0000000000000000        0x0 /usr/lib/crt1.o
 .rel.text._ZNSt11__copy_moveILb0ELb1ESt26random_access_iterator_tagE8__copy_mImEEPT_PKS3_S6_S4_
                0x0000000000000000        0x0 /usr/lib/crt1.o
 .rel.text._ZNSt11__copy_moveILb0ELb0ESt26random_access_iterator_tagE8__copy_mISt19_Bit_const_iteratorSt13_Bit_iteratorEET0_T_S6_S5_
                0x0000000000000000        0x0 /usr/lib/crt1.o
 .rel.text._ZSt14__copy_move_a2ILb0ESt19_Bit_const_iteratorSt13_Bit_iteratorET1_T0_S3_S2_
                0x0000000000000000        0x0 /usr/lib/crt1.o
 .rel.text._ZSt4copyISt19_Bit_const_iteratorSt13_Bit_iteratorET0_T_S3_S2_
                0x0000000000000000        0x0 /usr/lib/crt1.o
 .rel.text._ZNSt6vectorIbSaIbEEC2ERKS1_
                0x0000000000000000        0x0 /usr/lib/crt1.o
 .rel.text._ZNSt20__copy_move_backwardILb0ELb0ESt26random_access_iterator_tagE13__copy_move_bISt13_Bit_iteratorS3_EET0_T_S5_S4_
                0x0000000000000000        0x0 /usr/lib/crt1.o
 .rel.text._ZSt23__copy_move_backward_a2ILb0ESt13_Bit_iteratorS0_ET1_T0_S2_S1_
                0x0000000000000000        0x0 /usr/lib/crt1.o
 .rel.text._ZSt13copy_backwardISt13_Bit_iteratorS0_ET0_T_S2_S1_
                0x0000000000000000        0x0 /usr/lib/crt1.o
 .rel.text._ZNSt11__copy_moveILb0ELb0ESt26random_access_iterator_tagE8__copy_mISt13_Bit_iteratorS3_EET0_T_S5_S4_
                0x0000000000000000        0x0 /usr/lib/crt1.o
 .rel.text._ZSt14__copy_move_a2ILb0ESt13_Bit_iteratorS0_ET1_T0_S2_S1_
                0x0000000000000000        0x0 /usr/lib/crt1.o
 .rel.text._ZSt4copyISt13_Bit_iteratorS0_ET0_T_S2_S1_
                0x0000000000000000        0x0 /usr/lib/crt1.o
 .rel.text._ZNSt6vectorIbSaIbEE14_M_fill_insertESt13_Bit_iteratorjb
                0x0000000000000000        0x0 /usr/lib/crt1.o
 .rel.text._ZNSt6vectorIbSaIbEE6resizeEjb
                0x0000000000000000        0x0 /usr/lib/crt1.o
 .rel.text._ZNSt11__copy_moveILb0ELb1ESt26random_access_iterator_tagE8__copy_mIiEEPT_PKS3_S6_S4_
                0x0000000000000000        0x0 /usr/lib/crt1.o
 .rel.text._ZNSt6vectorIiSaIiEEC2ERKS1_
                0x0000000000000000        0x0 /usr/lib/crt1.o
 .rel.text._ZNSt8_Rb_treeIiSt4pairIKiSt6vectorIiSaIiEEESt10_Select1stIS5_ESt4lessIiESaIS5_EE10_M_insert_EPKSt18_Rb_tree_node_baseSE_RKS5_
                0x0000000000000000        0x0 /usr/lib/crt1.o
 .rel.text._ZNSt8_Rb_treeIiSt4pairIKiSt6vectorIiSaIiEEESt10_Select1stIS5_ESt4lessIiESaIS5_EE16_M_insert_uniqueERKS5_
                0x0000000000000000        0x0 /usr/lib/crt1.o
 .rel.text._ZNSt8_Rb_treeIiSt4pairIKiSt6vectorIiSaIiEEESt10_Select1stIS5_ESt4lessIiESaIS5_EE17_M_insert_unique_ESt23_Rb_tree_const_iteratorIS5_ERKS5_
                0x0000000000000000        0x0 /usr/lib/crt1.o
 .rel.text._ZNSt3mapIiSt6vectorIiSaIiEESt4lessIiESaISt4pairIKiS2_EEE6insertESt17_Rb_tree_iteratorIS7_ERKS7_
                0x0000000000000000        0x0 /usr/lib/crt1.o
 .rel.text._ZNSt3mapIiSt6vectorIiSaIiEESt4lessIiESaISt4pairIKiS2_EEEixERS6_
                0x0000000000000000        0x0 /usr/lib/crt1.o
 .rel.text._ZSt10_ConstructISt6vectorIiSaIiEES2_EvPT_RKT0_
                0x0000000000000000        0x0 /usr/lib/crt1.o
 .rel.text._ZNSt22__uninitialized_fill_nILb0EE20uninitialized_fill_nIPSt6vectorIiSaIiEEjS4_EEvT_T0_RKT1_
                0x0000000000000000        0x0 /usr/lib/crt1.o
 .rel.text._ZNSt20__uninitialized_copyILb0EE18uninitialized_copyIPSt6vectorIiSaIiEES5_EET0_T_S7_S6_
                0x0000000000000000        0x0 /usr/lib/crt1.o
 .rel.text._ZNSt6vectorIiSaIiEE14_M_fill_insertEN9__gnu_cxx17__normal_iteratorIPiS1_EEjRKi
                0x0000000000000000        0x0 /usr/lib/crt1.o
 .rel.text._ZNSt6vectorIiSaIiEE6resizeEji
                0x0000000000000000        0x0 /usr/lib/crt1.o
 .rel.text._ZNSt6vectorIiSaIiEE13_M_insert_auxEN9__gnu_cxx17__normal_iteratorIPiS1_EERKi
                0x0000000000000000        0x0 /usr/lib/crt1.o
 .rel.text._ZNSt6vectorIiSaIiEE9push_backERKi
                0x0000000000000000        0x0 /usr/lib/crt1.o
 .rel.text._ZNSt6vectorIiSaIiEEaSERKS1_
                0x0000000000000000        0x0 /usr/lib/crt1.o
 .rel.text._ZNSt20__copy_move_backwardILb0ELb0ESt26random_access_iterator_tagE13__copy_move_bIPSt6vectorIiSaIiEES6_EET0_T_S8_S7_
                0x0000000000000000        0x0 /usr/lib/crt1.o
 .rel.text._ZSt8__fill_aIPSt6vectorIiSaIiEES2_EN9__gnu_cxx11__enable_ifIXntsrSt11__is_scalarIT0_E7__valueEvE6__typeET_SB_RKS7_
                0x0000000000000000        0x0 /usr/lib/crt1.o
 .rel.text._ZNSt6vectorIS_IiSaIiEESaIS1_EE14_M_fill_insertEN9__gnu_cxx17__normal_iteratorIPS1_S3_EEjRKS1_
                0x0000000000000000        0x0 /usr/lib/crt1.o
 .rel.text._ZNSt6vectorIS_IiSaIiEESaIS1_EE6resizeEjS1_
                0x0000000000000000        0x0 /usr/lib/crt1.o
 .rel.text._ZNSt8_Rb_treeIiSt4pairIKiSt6vectorIiSaIiEEESt10_Select1stIS5_ESt4lessIiESaIS5_EE13_Rb_tree_implIS9_Lb0EEC2Ev
                0x0000000000000000        0x0 /usr/lib/crt1.o
 .rel.text._ZNSt8_Rb_treeIiSt4pairIKiSt6vectorIiSaIiEEESt10_Select1stIS5_ESt4lessIiESaIS5_EE8_M_eraseEPSt13_Rb_tree_nodeIS5_E
                0x0000000000000000        0x0 /usr/lib/crt1.o
 .rel.text._ZNSt8_Rb_treeIiSt4pairIKiSt6vectorIiSaIiEEESt10_Select1stIS5_ESt4lessIiESaIS5_EED2Ev
                0x0000000000000000        0x0 /usr/lib/crt1.o
 .rel.text._ZNSt3mapIiSt6vectorIiSaIiEESt4lessIiESaISt4pairIKiS2_EEED2Ev
                0x0000000000000000        0x0 /usr/lib/crt1.o
 .rel.text._ZN10MainThread3runEv
                0x0000000000000000        0x0 /usr/lib/crt1.o
 .rel.text._ZN10MainThreadD2Ev
                0x0000000000000000        0x0 /usr/lib/crt1.o
 .rel.text._ZN10MainThreadD0Ev
                0x0000000000000000        0x0 /usr/lib/crt1.o
 .rel.text._ZN8DrawableD2Ev
                0x0000000000000000        0x0 /usr/lib/crt1.o
 .rel.text._ZN8DrawableD0Ev
                0x0000000000000000        0x0 /usr/lib/crt1.o
 .rel.text._ZNKSt8_Rb_treeImSt4pairIKmP8DrawableESt10_Select1stIS4_ESt4lessImESaIS4_EE4findERS1_
                0x0000000000000000        0x0 /usr/lib/crt1.o
 .rel.text._ZNKSt3mapImP8DrawableSt4lessImESaISt4pairIKmS1_EEE5countERS5_
                0x0000000000000000        0x0 /usr/lib/crt1.o
 .rel.text._ZNSt8_Rb_treeImSt4pairIKmP8DrawableESt10_Select1stIS4_ESt4lessImESaIS4_EE4findERS1_
                0x0000000000000000        0x0 /usr/lib/crt1.o
 .rel.text._ZNSt8_Rb_treeImSt4pairIKmP8DrawableESt10_Select1stIS4_ESt4lessImESaIS4_EE5eraseESt17_Rb_tree_iteratorIS4_E
                0x0000000000000000        0x0 /usr/lib/crt1.o
 .rel.text._ZN7QWidget6resizeEii
                0x0000000000000000        0x0 /usr/lib/crt1.o
 .rel.text._ZNSt18_Rb_tree_node_base10_S_minimumEPS_
                0x0000000000000000        0x0 /usr/lib/crt1.o
 .rel.text._ZNSt18_Rb_tree_node_base10_S_maximumEPS_
                0x0000000000000000        0x0 /usr/lib/crt1.o
 .rel.text._ZNSt10_List_baseIN15CSimpleIniTemplIc16SI_GenericNoCaseIcE11SI_ConvertAIcEE5EntryESaIS6_EE8_M_clearEv
                0x0000000000000000        0x0 /usr/lib/crt1.o
 .rel.text._ZNKSt8_Rb_treeIN15CSimpleIniTemplIc16SI_GenericNoCaseIcE11SI_ConvertAIcEE5EntryESt4pairIKS6_St8multimapIS6_PKcNS6_8KeyOrderESaIS7_IS8_SB_EEEESt10_Select1stISG_ESC_SaISG_EE4findERS8_
                0x0000000000000000        0x0 /usr/lib/crt1.o
 .rel.text._ZNKSt8_Rb_treeIN15CSimpleIniTemplIc16SI_GenericNoCaseIcE11SI_ConvertAIcEE5EntryESt4pairIKS6_PKcESt10_Select1stISB_ENS6_8KeyOrderESaISB_EE4findERS8_
                0x0000000000000000        0x0 /usr/lib/crt1.o
 .rel.text._ZNK15CSimpleIniTemplIc16SI_GenericNoCaseIcE11SI_ConvertAIcEE8GetValueEPKcS6_S6_Pb
                0x0000000000000000        0x0 /usr/lib/crt1.o
 .rel.text._ZNK15CSimpleIniTemplIc16SI_GenericNoCaseIcE11SI_ConvertAIcEE12GetLongValueEPKcS6_lPb
                0x0000000000000000        0x0 /usr/lib/crt1.o
 .rel.text._ZNSt8_Rb_treeIN15CSimpleIniTemplIc16SI_GenericNoCaseIcE11SI_ConvertAIcEE5EntryESt4pairIKS6_St8multimapIS6_PKcNS6_8KeyOrderESaIS7_IS8_SB_EEEESt10_Select1stISG_ESC_SaISG_EE13_Rb_tree_implISC_Lb0EEC2Ev
                0x0000000000000000        0x0 /usr/lib/crt1.o
 .rel.text._ZNK15CSimpleIniTemplIc16SI_GenericNoCaseIcE11SI_ConvertAIcEE17LoadMultiLineTextERPcRPKcS8_b
                0x0000000000000000        0x0 /usr/lib/crt1.o
 .rel.text._ZNK15CSimpleIniTemplIc16SI_GenericNoCaseIcE11SI_ConvertAIcEE9FindEntryERPcRPKcS9_S9_S9_
                0x0000000000000000        0x0 /usr/lib/crt1.o
 .rel.text._ZNSt4listIN15CSimpleIniTemplIc16SI_GenericNoCaseIcE11SI_ConvertAIcEE5EntryESaIS6_EE9push_backERKS6_
                0x0000000000000000        0x0 /usr/lib/crt1.o
 .rel.text._ZN15CSimpleIniTemplIc16SI_GenericNoCaseIcE11SI_ConvertAIcEE10CopyStringERPKc
                0x0000000000000000        0x0 /usr/lib/crt1.o
 .rel.text._ZN15CSimpleIniTemplIc16SI_GenericNoCaseIcE11SI_ConvertAIcEE15FindFileCommentERPcb
                0x0000000000000000        0x0 /usr/lib/crt1.o
 .rel.text._ZNSt8_Rb_treeIN15CSimpleIniTemplIc16SI_GenericNoCaseIcE11SI_ConvertAIcEE5EntryESt4pairIKS6_St8multimapIS6_PKcNS6_8KeyOrderESaIS7_IS8_SB_EEEESt10_Select1stISG_ESC_SaISG_EE4findERS8_
                0x0000000000000000        0x0 /usr/lib/crt1.o
 .rel.text._ZNSt8_Rb_treeIN15CSimpleIniTemplIc16SI_GenericNoCaseIcE11SI_ConvertAIcEE5EntryESt4pairIKS6_PKcESt10_Select1stISB_ENS6_8KeyOrderESaISB_EE8_M_eraseEPSt13_Rb_tree_nodeISB_E
                0x0000000000000000        0x0 /usr/lib/crt1.o
 .rel.text._ZNSt8_Rb_treeIN15CSimpleIniTemplIc16SI_GenericNoCaseIcE11SI_ConvertAIcEE5EntryESt4pairIKS6_PKcESt10_Select1stISB_ENS6_8KeyOrderESaISB_EED2Ev
                0x0000000000000000        0x0 /usr/lib/crt1.o
 .rel.text._ZNSt8_Rb_treeIN15CSimpleIniTemplIc16SI_GenericNoCaseIcE11SI_ConvertAIcEE5EntryESt4pairIKS6_St8multimapIS6_PKcNS6_8KeyOrderESaIS7_IS8_SB_EEEESt10_Select1stISG_ESC_SaISG_EE8_M_eraseEPSt13_Rb_tree_nodeISG_E
                0x0000000000000000        0x0 /usr/lib/crt1.o
 .rel.text._ZNSt8_Rb_treeIN15CSimpleIniTemplIc16SI_GenericNoCaseIcE11SI_ConvertAIcEE5EntryESt4pairIKS6_St8multimapIS6_PKcNS6_8KeyOrderESaIS7_IS8_SB_EEEESt10_Select1stISG_ESC_SaISG_EED2Ev
                0x0000000000000000        0x0 /usr/lib/crt1.o
 .rel.text._ZNSt8_Rb_treeIN15CSimpleIniTemplIc16SI_GenericNoCaseIcE11SI_ConvertAIcEE5EntryESt4pairIKS6_St8multimapIS6_PKcNS6_8KeyOrderESaIS7_IS8_SB_EEEESt10_Select1stISG_ESC_SaISG_EE5clearEv
                0x0000000000000000        0x0 /usr/lib/crt1.o
 .rel.text._ZNSt8_Rb_treeIN15CSimpleIniTemplIc16SI_GenericNoCaseIcE11SI_ConvertAIcEE5EntryESt4pairIKS6_St8multimapIS6_PKcNS6_8KeyOrderESaIS7_IS8_SB_EEEESt10_Select1stISG_ESC_SaISG_EE5eraseESt17_Rb_tree_iteratorISG_E
                0x0000000000000000        0x0 /usr/lib/crt1.o
 .rel.text._ZNSt8_Rb_treeIN15CSimpleIniTemplIc16SI_GenericNoCaseIcE11SI_ConvertAIcEE5EntryESt4pairIKS6_St8multimapIS6_PKcNS6_8KeyOrderESaIS7_IS8_SB_EEEESt10_Select1stISG_ESC_SaISG_EE5eraseESt17_Rb_tree_iteratorISG_ESM_
                0x0000000000000000        0x0 /usr/lib/crt1.o
 .rel.text._ZN15CSimpleIniTemplIc16SI_GenericNoCaseIcE11SI_ConvertAIcEE5ResetEv
                0x0000000000000000        0x0 /usr/lib/crt1.o
 .rel.text._ZN15CSimpleIniTemplIc16SI_GenericNoCaseIcE11SI_ConvertAIcEED2Ev
                0x0000000000000000        0x0 /usr/lib/crt1.o
 .rel.text._ZNSt8_Rb_treeIN15CSimpleIniTemplIc16SI_GenericNoCaseIcE11SI_ConvertAIcEE5EntryESt4pairIKS6_PKcESt10_Select1stISB_ENS6_8KeyOrderESaISB_EE4findERS8_
                0x0000000000000000        0x0 /usr/lib/crt1.o
 .rel.text._ZNSt8_Rb_treeIN15CSimpleIniTemplIc16SI_GenericNoCaseIcE11SI_ConvertAIcEE5EntryESt4pairIKS6_PKcESt10_Select1stISB_ENS6_8KeyOrderESaISB_EE13_Rb_tree_implISE_Lb0EEC2Ev
                0x0000000000000000        0x0 /usr/lib/crt1.o
 .rel.text._ZNSt8_Rb_treeIN15CSimpleIniTemplIc16SI_GenericNoCaseIcE11SI_ConvertAIcEE5EntryESt4pairIKS6_PKcESt10_Select1stISB_ENS6_8KeyOrderESaISB_EE10_M_insert_EPKSt18_Rb_tree_node_baseSJ_RKSB_
                0x0000000000000000        0x0 /usr/lib/crt1.o
 .rel.text._ZNSt8_Rb_treeIN15CSimpleIniTemplIc16SI_GenericNoCaseIcE11SI_ConvertAIcEE5EntryESt4pairIKS6_PKcESt10_Select1stISB_ENS6_8KeyOrderESaISB_EE15_M_insert_equalERKSB_
                0x0000000000000000        0x0 /usr/lib/crt1.o
 .rel.text._ZNSt8_Rb_treeIN15CSimpleIniTemplIc16SI_GenericNoCaseIcE11SI_ConvertAIcEE5EntryESt4pairIKS6_PKcESt10_Select1stISB_ENS6_8KeyOrderESaISB_EE7_M_copyEPKSt13_Rb_tree_nodeISB_EPSI_
                0x0000000000000000        0x0 /usr/lib/crt1.o
 .rel.text._ZNSt8_Rb_treeIN15CSimpleIniTemplIc16SI_GenericNoCaseIcE11SI_ConvertAIcEE5EntryESt4pairIKS6_PKcESt10_Select1stISB_ENS6_8KeyOrderESaISB_EEC2ERKSG_
                0x0000000000000000        0x0 /usr/lib/crt1.o
 .rel.text._ZNSt8_Rb_treeIN15CSimpleIniTemplIc16SI_GenericNoCaseIcE11SI_ConvertAIcEE5EntryESt4pairIKS6_St8multimapIS6_PKcNS6_8KeyOrderESaIS7_IS8_SB_EEEESt10_Select1stISG_ESC_SaISG_EE10_M_insert_EPKSt18_Rb_tree_node_baseSN_RKSG_
                0x0000000000000000        0x0 /usr/lib/crt1.o
 .rel.text._ZNSt8_Rb_treeIN15CSimpleIniTemplIc16SI_GenericNoCaseIcE11SI_ConvertAIcEE5EntryESt4pairIKS6_St8multimapIS6_PKcNS6_8KeyOrderESaIS7_IS8_SB_EEEESt10_Select1stISG_ESC_SaISG_EE16_M_insert_uniqueERKSG_
                0x0000000000000000        0x0 /usr/lib/crt1.o
 .rel.text._ZN15CSimpleIniTemplIc16SI_GenericNoCaseIcE11SI_ConvertAIcEE8AddEntryEPKcS6_S6_S6_b
                0x0000000000000000        0x0 /usr/lib/crt1.o
 .rel.text._ZN15CSimpleIniTemplIc16SI_GenericNoCaseIcE11SI_ConvertAIcEE4LoadEPKcj
                0x0000000000000000        0x0 /usr/lib/crt1.o
 .rel.text._ZN15CSimpleIniTemplIc16SI_GenericNoCaseIcE11SI_ConvertAIcEE8LoadFileEP8_IO_FILE
                0x0000000000000000        0x0 /usr/lib/crt1.o
 .rel.text._ZN15CSimpleIniTemplIc16SI_GenericNoCaseIcE11SI_ConvertAIcEE8LoadFileEPKc
                0x0000000000000000        0x0 /usr/lib/crt1.o
 .rel.text._ZNSt6vectorIP18FT_BitmapGlyphRec_SaIS1_EED2Ev
                0x0000000000000000        0x0 /usr/lib/crt1.o
 .rel.text._ZNSt8_Rb_treeISsSt4pairIKSsP11FT_FaceRec_ESt10_Select1stIS4_ESt4lessISsESaIS4_EE13_Rb_tree_implIS8_Lb0EEC2Ev
                0x0000000000000000        0x0 /usr/lib/crt1.o
 .rel.text._ZNSt8_Rb_treeISsSt4pairIKSsP11FT_FaceRec_ESt10_Select1stIS4_ESt4lessISsESaIS4_EE8_M_eraseEPSt13_Rb_tree_nodeIS4_E
                0x0000000000000000        0x0 /usr/lib/crt1.o
 .rel.text._ZNSt8_Rb_treeISsSt4pairIKSsP11FT_FaceRec_ESt10_Select1stIS4_ESt4lessISsESaIS4_EED2Ev
                0x0000000000000000        0x0 /usr/lib/crt1.o
 .rel.text._ZNSt3mapISsP11FT_FaceRec_St4lessISsESaISt4pairIKSsS1_EEED2Ev
                0x0000000000000000        0x0 /usr/lib/crt1.o
 .rel.text._ZNKSt6vectorIP18FT_BitmapGlyphRec_SaIS1_EE12_M_check_lenEjPKc
                0x0000000000000000        0x0 /usr/lib/crt1.o
 .rel.text._ZStltIcSt11char_traitsIcESaIcEEbRKSbIT_T0_T1_ES8_
                0x0000000000000000        0x0 /usr/lib/crt1.o
 .rel.text._ZNKSt8_Rb_treeISsSt4pairIKSsP11FT_FaceRec_ESt10_Select1stIS4_ESt4lessISsESaIS4_EE4findERS1_
                0x0000000000000000        0x0 /usr/lib/crt1.o
 .rel.text._ZNKSt3mapISsP11FT_FaceRec_St4lessISsESaISt4pairIKSsS1_EEE5countERS5_
                0x0000000000000000        0x0 /usr/lib/crt1.o
 .rel.text._ZNSt8_Rb_treeISsSt4pairIKSsP11FT_FaceRec_ESt10_Select1stIS4_ESt4lessISsESaIS4_EE11lower_boundERS1_
                0x0000000000000000        0x0 /usr/lib/crt1.o
 .rel.text._ZNSt8_Rb_treeISsSt4pairIKSsP11FT_FaceRec_ESt10_Select1stIS4_ESt4lessISsESaIS4_EE10_M_insert_EPKSt18_Rb_tree_node_baseSD_RKS4_
                0x0000000000000000        0x0 /usr/lib/crt1.o
 .rel.text._ZNSt8_Rb_treeISsSt4pairIKSsP11FT_FaceRec_ESt10_Select1stIS4_ESt4lessISsESaIS4_EE16_M_insert_uniqueERKS4_
                0x0000000000000000        0x0 /usr/lib/crt1.o
 .rel.text._ZNSt8_Rb_treeISsSt4pairIKSsP11FT_FaceRec_ESt10_Select1stIS4_ESt4lessISsESaIS4_EE17_M_insert_unique_ESt23_Rb_tree_const_iteratorIS4_ERKS4_
                0x0000000000000000        0x0 /usr/lib/crt1.o
 .rel.text._ZNSt3mapISsP11FT_FaceRec_St4lessISsESaISt4pairIKSsS1_EEE6insertESt17_Rb_tree_iteratorIS6_ERKS6_
                0x0000000000000000        0x0 /usr/lib/crt1.o
 .rel.text._ZNSt3mapISsP11FT_FaceRec_St4lessISsESaISt4pairIKSsS1_EEEixERS5_
                0x0000000000000000        0x0 /usr/lib/crt1.o
 .rel.text._ZNSt20__copy_move_backwardILb0ELb1ESt26random_access_iterator_tagE13__copy_move_bIP18FT_BitmapGlyphRec_EEPT_PKS5_S8_S6_
                0x0000000000000000        0x0 /usr/lib/crt1.o
 .rel.text._ZNSt11__copy_moveILb0ELb1ESt26random_access_iterator_tagE8__copy_mIP18FT_BitmapGlyphRec_EEPT_PKS5_S8_S6_
                0x0000000000000000        0x0 /usr/lib/crt1.o
 .rel.text._ZNSt6vectorIP18FT_BitmapGlyphRec_SaIS1_EE13_M_insert_auxEN9__gnu_cxx17__normal_iteratorIPS1_S3_EERKS1_
                0x0000000000000000        0x0 /usr/lib/crt1.o
 .rel.text._ZNSt6vectorIP18FT_BitmapGlyphRec_SaIS1_EE9push_backERKS1_
                0x0000000000000000        0x0 /usr/lib/crt1.o
 .rel.text._ZNSt6vectorIN7Tilemap8TileDataESaIS1_EED2Ev
                0x0000000000000000        0x0 /usr/lib/crt1.o
 .rel.text._ZNKSt8_Rb_treeImSt4pairIKmSt3mapIiS2_IiP6BitmapSt4lessIiESaIS0_IKiS4_EEES6_SaIS0_IS7_SA_EEEESt10_Select1stISE_ES5_ImESaISE_EE4findERS1_
                0x0000000000000000        0x0 /usr/lib/crt1.o
 .rel.text._ZNKSt3mapImS_IiS_IiP6BitmapSt4lessIiESaISt4pairIKiS1_EEES3_SaIS4_IS5_S8_EEES2_ImESaIS4_IKmSB_EEE5countERSD_
                0x0000000000000000        0x0 /usr/lib/crt1.o
 .rel.text._ZNKSt8_Rb_treeIiSt4pairIKiSt3mapIiP6BitmapSt4lessIiESaIS0_IS1_S4_EEEESt10_Select1stISA_ES6_SaISA_EE4findERS1_
                0x0000000000000000        0x0 /usr/lib/crt1.o
 .rel.text._ZNKSt3mapIiS_IiP6BitmapSt4lessIiESaISt4pairIKiS1_EEES3_SaIS4_IS5_S8_EEE5countERS5_
                0x0000000000000000        0x0 /usr/lib/crt1.o
 .rel.text._ZNKSt8_Rb_treeIiSt4pairIKiP6BitmapESt10_Select1stIS4_ESt4lessIiESaIS4_EE4findERS1_
                0x0000000000000000        0x0 /usr/lib/crt1.o
 .rel.text._ZNKSt3mapIiP6BitmapSt4lessIiESaISt4pairIKiS1_EEE5countERS5_
                0x0000000000000000        0x0 /usr/lib/crt1.o
 .rel.text._ZNSt8_Rb_treeImSt4pairIKmSt3mapIiS2_IiP6BitmapSt4lessIiESaIS0_IKiS4_EEES6_SaIS0_IS7_SA_EEEESt10_Select1stISE_ES5_ImESaISE_EE13_Rb_tree_implISH_Lb0EEC2Ev
                0x0000000000000000        0x0 /usr/lib/crt1.o
 .rel.text._ZNSt8_Rb_treeImSt4pairIKmSt3mapIiS2_IiP6BitmapSt4lessIiESaIS0_IKiS4_EEES6_SaIS0_IS7_SA_EEEESt10_Select1stISE_ES5_ImESaISE_EE11lower_boundERS1_
                0x0000000000000000        0x0 /usr/lib/crt1.o
 .rel.text._ZNSt8_Rb_treeIiSt4pairIKiSt3mapIiP6BitmapSt4lessIiESaIS0_IS1_S4_EEEESt10_Select1stISA_ES6_SaISA_EE11lower_boundERS1_
                0x0000000000000000        0x0 /usr/lib/crt1.o
 .rel.text._ZNSt8_Rb_treeIiSt4pairIKiP6BitmapESt10_Select1stIS4_ESt4lessIiESaIS4_EE8_M_eraseEPSt13_Rb_tree_nodeIS4_E
                0x0000000000000000        0x0 /usr/lib/crt1.o
 .rel.text._ZNSt8_Rb_treeIiSt4pairIKiP6BitmapESt10_Select1stIS4_ESt4lessIiESaIS4_EED2Ev
                0x0000000000000000        0x0 /usr/lib/crt1.o
 .rel.text._ZNSt8_Rb_treeIiSt4pairIKiSt3mapIiP6BitmapSt4lessIiESaIS0_IS1_S4_EEEESt10_Select1stISA_ES6_SaISA_EE8_M_eraseEPSt13_Rb_tree_nodeISA_E
                0x0000000000000000        0x0 /usr/lib/crt1.o
 .rel.text._ZNSt8_Rb_treeIiSt4pairIKiSt3mapIiP6BitmapSt4lessIiESaIS0_IS1_S4_EEEESt10_Select1stISA_ES6_SaISA_EED2Ev
                0x0000000000000000        0x0 /usr/lib/crt1.o
 .rel.text._ZNSt8_Rb_treeImSt4pairIKmSt3mapIiS2_IiP6BitmapSt4lessIiESaIS0_IKiS4_EEES6_SaIS0_IS7_SA_EEEESt10_Select1stISE_ES5_ImESaISE_EE8_M_eraseEPSt13_Rb_tree_nodeISE_E
                0x0000000000000000        0x0 /usr/lib/crt1.o
 .rel.text._ZNSt8_Rb_treeImSt4pairIKmSt3mapIiS2_IiP6BitmapSt4lessIiESaIS0_IKiS4_EEES6_SaIS0_IS7_SA_EEEESt10_Select1stISE_ES5_ImESaISE_EED2Ev
                0x0000000000000000        0x0 /usr/lib/crt1.o
 .rel.text._ZNSt8_Rb_treeIiSt4pairIKiP6BitmapESt10_Select1stIS4_ESt4lessIiESaIS4_EE11lower_boundERS1_
                0x0000000000000000        0x0 /usr/lib/crt1.o
 .rel.text._ZNSt8_Rb_treeIiSt4pairIKiSt3mapIiP6BitmapSt4lessIiESaIS0_IS1_S4_EEEESt10_Select1stISA_ES6_SaISA_EE13_Rb_tree_implIS6_Lb0EEC2Ev
                0x0000000000000000        0x0 /usr/lib/crt1.o
 .rel.text._ZNSt8_Rb_treeIiSt4pairIKiP6BitmapESt10_Select1stIS4_ESt4lessIiESaIS4_EE13_Rb_tree_implIS8_Lb0EEC2Ev
                0x0000000000000000        0x0 /usr/lib/crt1.o
 .rel.text._ZNSt8_Rb_treeIiSt4pairIKiP6BitmapESt10_Select1stIS4_ESt4lessIiESaIS4_EE10_M_insert_EPKSt18_Rb_tree_node_baseSD_RKS4_
                0x0000000000000000        0x0 /usr/lib/crt1.o
 .rel.text._ZNSt8_Rb_treeIiSt4pairIKiP6BitmapESt10_Select1stIS4_ESt4lessIiESaIS4_EE16_M_insert_uniqueERKS4_
                0x0000000000000000        0x0 /usr/lib/crt1.o
 .rel.text._ZNSt8_Rb_treeIiSt4pairIKiP6BitmapESt10_Select1stIS4_ESt4lessIiESaIS4_EE17_M_insert_unique_ESt23_Rb_tree_const_iteratorIS4_ERKS4_
                0x0000000000000000        0x0 /usr/lib/crt1.o
 .rel.text._ZNSt3mapIiP6BitmapSt4lessIiESaISt4pairIKiS1_EEE6insertESt17_Rb_tree_iteratorIS6_ERKS6_
                0x0000000000000000        0x0 /usr/lib/crt1.o
 .rel.text._ZNSt3mapIiP6BitmapSt4lessIiESaISt4pairIKiS1_EEEixERS5_
                0x0000000000000000        0x0 /usr/lib/crt1.o
 .rel.text._ZNSt12_Destroy_auxILb0EE9__destroyIPSt6vectorIN7Tilemap8TileDataESaIS4_EEEEvT_S8_
                0x0000000000000000        0x0 /usr/lib/crt1.o
 .rel.text._ZNSt6vectorIS_IN7Tilemap8TileDataESaIS1_EESaIS3_EED2Ev
                0x0000000000000000        0x0 /usr/lib/crt1.o
 .rel.text._ZNSt12_Destroy_auxILb0EE9__destroyIPSt6vectorIS2_IN7Tilemap8TileDataESaIS4_EESaIS6_EEEEvT_SA_
                0x0000000000000000        0x0 /usr/lib/crt1.o
 .rel.text._ZNSt6vectorIS_IS_IN7Tilemap8TileDataESaIS1_EESaIS3_EESaIS5_EED2Ev
                0x0000000000000000        0x0 /usr/lib/crt1.o
 .rel.text._ZNKSt6vectorIS_IS_IN7Tilemap8TileDataESaIS1_EESaIS3_EESaIS5_EE12_M_check_lenEjPKc
                0x0000000000000000        0x0 /usr/lib/crt1.o
 .rel.text._ZNKSt6vectorIS_IN7Tilemap8TileDataESaIS1_EESaIS3_EE12_M_check_lenEjPKc
                0x0000000000000000        0x0 /usr/lib/crt1.o
 .rel.text._ZNKSt6vectorIN7Tilemap8TileDataESaIS1_EE12_M_check_lenEjPKc
                0x0000000000000000        0x0 /usr/lib/crt1.o
 .rel.text._ZNSt8_Rb_treeIiSt4pairIKiP6BitmapESt10_Select1stIS4_ESt4lessIiESaIS4_EE7_M_copyEPKSt13_Rb_tree_nodeIS4_EPSC_
                0x0000000000000000        0x0 /usr/lib/crt1.o
 .rel.text._ZNSt8_Rb_treeIiSt4pairIKiP6BitmapESt10_Select1stIS4_ESt4lessIiESaIS4_EEC2ERKSA_
                0x0000000000000000        0x0 /usr/lib/crt1.o
 .rel.text._ZNSt8_Rb_treeIiSt4pairIKiSt3mapIiP6BitmapSt4lessIiESaIS0_IS1_S4_EEEESt10_Select1stISA_ES6_SaISA_EE7_M_copyEPKSt13_Rb_tree_nodeISA_EPSG_
                0x0000000000000000        0x0 /usr/lib/crt1.o
 .rel.text._ZNSt8_Rb_treeIiSt4pairIKiSt3mapIiP6BitmapSt4lessIiESaIS0_IS1_S4_EEEESt10_Select1stISA_ES6_SaISA_EEC2ERKSE_
                0x0000000000000000        0x0 /usr/lib/crt1.o
 .rel.text._ZNSt8_Rb_treeImSt4pairIKmSt3mapIiS2_IiP6BitmapSt4lessIiESaIS0_IKiS4_EEES6_SaIS0_IS7_SA_EEEESt10_Select1stISE_ES5_ImESaISE_EE10_M_insert_EPKSt18_Rb_tree_node_baseSM_RKSE_
                0x0000000000000000        0x0 /usr/lib/crt1.o
 .rel.text._ZNSt8_Rb_treeImSt4pairIKmSt3mapIiS2_IiP6BitmapSt4lessIiESaIS0_IKiS4_EEES6_SaIS0_IS7_SA_EEEESt10_Select1stISE_ES5_ImESaISE_EE16_M_insert_uniqueERKSE_
                0x0000000000000000        0x0 /usr/lib/crt1.o
 .rel.text._ZNSt8_Rb_treeImSt4pairIKmSt3mapIiS2_IiP6BitmapSt4lessIiESaIS0_IKiS4_EEES6_SaIS0_IS7_SA_EEEESt10_Select1stISE_ES5_ImESaISE_EE17_M_insert_unique_ESt23_Rb_tree_const_iteratorISE_ERKSE_
                0x0000000000000000        0x0 /usr/lib/crt1.o
 .rel.text._ZNSt3mapImS_IiS_IiP6BitmapSt4lessIiESaISt4pairIKiS1_EEES3_SaIS4_IS5_S8_EEES2_ImESaIS4_IKmSB_EEE6insertESt17_Rb_tree_iteratorISE_ERKSE_
                0x0000000000000000        0x0 /usr/lib/crt1.o
 .rel.text._ZNSt3mapImS_IiS_IiP6BitmapSt4lessIiESaISt4pairIKiS1_EEES3_SaIS4_IS5_S8_EEES2_ImESaIS4_IKmSB_EEEixERSD_
                0x0000000000000000        0x0 /usr/lib/crt1.o
 .rel.text._ZNSt8_Rb_treeIiSt4pairIKiSt3mapIiP6BitmapSt4lessIiESaIS0_IS1_S4_EEEESt10_Select1stISA_ES6_SaISA_EE10_M_insert_EPKSt18_Rb_tree_node_baseSH_RKSA_
                0x0000000000000000        0x0 /usr/lib/crt1.o
 .rel.text._ZNSt8_Rb_treeIiSt4pairIKiSt3mapIiP6BitmapSt4lessIiESaIS0_IS1_S4_EEEESt10_Select1stISA_ES6_SaISA_EE16_M_insert_uniqueERKSA_
                0x0000000000000000        0x0 /usr/lib/crt1.o
 .rel.text._ZNSt8_Rb_treeIiSt4pairIKiSt3mapIiP6BitmapSt4lessIiESaIS0_IS1_S4_EEEESt10_Select1stISA_ES6_SaISA_EE17_M_insert_unique_ESt23_Rb_tree_const_iteratorISA_ERKSA_
                0x0000000000000000        0x0 /usr/lib/crt1.o
 .rel.text._ZNSt3mapIiS_IiP6BitmapSt4lessIiESaISt4pairIKiS1_EEES3_SaIS4_IS5_S8_EEE6insertESt17_Rb_tree_iteratorIS9_ERKS9_
                0x0000000000000000        0x0 /usr/lib/crt1.o
 .rel.text._ZNSt3mapIiS_IiP6BitmapSt4lessIiESaISt4pairIKiS1_EEES3_SaIS4_IS5_S8_EEEixERS5_
                0x0000000000000000        0x0 /usr/lib/crt1.o
 .rel.text._ZSt8__fill_aIPN7Tilemap8TileDataES1_EN9__gnu_cxx11__enable_ifIXntsrSt11__is_scalarIT0_E7__valueEvE6__typeET_SA_RKS6_
                0x0000000000000000        0x0 /usr/lib/crt1.o
 .rel.text._ZNSt20__copy_move_backwardILb0ELb1ESt26random_access_iterator_tagE13__copy_move_bIN7Tilemap8TileDataEEEPT_PKS5_S8_S6_
                0x0000000000000000        0x0 /usr/lib/crt1.o
 .rel.text._ZNSt11__copy_moveILb0ELb1ESt26random_access_iterator_tagE8__copy_mIN7Tilemap8TileDataEEEPT_PKS5_S8_S6_
                0x0000000000000000        0x0 /usr/lib/crt1.o
 .rel.text._ZNSt6vectorIN7Tilemap8TileDataESaIS1_EEC2ERKS3_
                0x0000000000000000        0x0 /usr/lib/crt1.o
 .rel.text._ZSt10_ConstructISt6vectorIN7Tilemap8TileDataESaIS2_EES4_EvPT_RKT0_
                0x0000000000000000        0x0 /usr/lib/crt1.o
 .rel.text._ZNSt20__uninitialized_copyILb0EE18uninitialized_copyIN9__gnu_cxx17__normal_iteratorIPKSt6vectorIN7Tilemap8TileDataESaIS6_EES4_IS8_SaIS8_EEEEPS8_EET0_T_SG_SF_
                0x0000000000000000        0x0 /usr/lib/crt1.o
 .rel.text._ZNSt6vectorIS_IN7Tilemap8TileDataESaIS1_EESaIS3_EEC2ERKS5_
                0x0000000000000000        0x0 /usr/lib/crt1.o
 .rel.text._ZSt10_ConstructISt6vectorIS0_IN7Tilemap8TileDataESaIS2_EESaIS4_EES6_EvPT_RKT0_
                0x0000000000000000        0x0 /usr/lib/crt1.o
 .rel.text._ZNSt22__uninitialized_fill_nILb0EE20uninitialized_fill_nIPSt6vectorIS2_IN7Tilemap8TileDataESaIS4_EESaIS6_EEjS8_EEvT_T0_RKT1_
                0x0000000000000000        0x0 /usr/lib/crt1.o
 .rel.text._ZNSt20__uninitialized_copyILb0EE18uninitialized_copyIPSt6vectorIS2_IN7Tilemap8TileDataESaIS4_EESaIS6_EES9_EET0_T_SB_SA_
                0x0000000000000000        0x0 /usr/lib/crt1.o
 .rel.text._ZNSt20__uninitialized_copyILb0EE18uninitialized_copyIPSt6vectorIN7Tilemap8TileDataESaIS4_EES7_EET0_T_S9_S8_
                0x0000000000000000        0x0 /usr/lib/crt1.o
 .rel.text._ZNSt22__uninitialized_fill_nILb0EE20uninitialized_fill_nIPSt6vectorIN7Tilemap8TileDataESaIS4_EEjS6_EEvT_T0_RKT1_
                0x0000000000000000        0x0 /usr/lib/crt1.o
 .rel.text._ZNSt6vectorIN7Tilemap8TileDataESaIS1_EEaSERKS3_
                0x0000000000000000        0x0 /usr/lib/crt1.o
 .rel.text._ZNSt20__copy_move_backwardILb0ELb0ESt26random_access_iterator_tagE13__copy_move_bIPSt6vectorIN7Tilemap8TileDataESaIS5_EES8_EET0_T_SA_S9_
                0x0000000000000000        0x0 /usr/lib/crt1.o
 .rel.text._ZSt8__fill_aIPSt6vectorIN7Tilemap8TileDataESaIS2_EES4_EN9__gnu_cxx11__enable_ifIXntsrSt11__is_scalarIT0_E7__valueEvE6__typeET_SD_RKS9_
                0x0000000000000000        0x0 /usr/lib/crt1.o
 .rel.text._ZNSt6vectorIS_IN7Tilemap8TileDataESaIS1_EESaIS3_EE14_M_fill_insertEN9__gnu_cxx17__normal_iteratorIPS3_S5_EEjRKS3_
                0x0000000000000000        0x0 /usr/lib/crt1.o
 .rel.text._ZNSt6vectorIS_IN7Tilemap8TileDataESaIS1_EESaIS3_EE6resizeEjS3_
                0x0000000000000000        0x0 /usr/lib/crt1.o
 .rel.text._ZSt10__fill_n_aIPN7Tilemap8TileDataEjS1_EN9__gnu_cxx11__enable_ifIXntsrSt11__is_scalarIT1_E7__valueET_E6__typeES8_T0_RKS6_
                0x0000000000000000        0x0 /usr/lib/crt1.o
 .rel.text._ZNSt22__uninitialized_fill_nILb1EE20uninitialized_fill_nIPN7Tilemap8TileDataEjS3_EEvT_T0_RKT1_
                0x0000000000000000        0x0 /usr/lib/crt1.o
 .rel.text._ZNSt6vectorIN7Tilemap8TileDataESaIS1_EE14_M_fill_insertEN9__gnu_cxx17__normal_iteratorIPS1_S3_EEjRKS1_
                0x0000000000000000        0x0 /usr/lib/crt1.o
 .rel.text._ZNSt6vectorIN7Tilemap8TileDataESaIS1_EE6resizeEjS1_
                0x0000000000000000        0x0 /usr/lib/crt1.o
 .rel.text._ZNSt12_Destroy_auxILb0EE9__destroyIN9__gnu_cxx17__normal_iteratorIPSt6vectorIN7Tilemap8TileDataESaIS6_EES4_IS8_SaIS8_EEEEEEvT_SD_
                0x0000000000000000        0x0 /usr/lib/crt1.o
 .rel.text._ZNSt11__copy_moveILb0ELb0ESt26random_access_iterator_tagE8__copy_mIPKSt6vectorIN7Tilemap8TileDataESaIS5_EEPS7_EET0_T_SC_SB_
                0x0000000000000000        0x0 /usr/lib/crt1.o
 .rel.text._ZNSt11__copy_moveILb0ELb0ESt26random_access_iterator_tagE8__copy_mIPSt6vectorIN7Tilemap8TileDataESaIS5_EES8_EET0_T_SA_S9_
                0x0000000000000000        0x0 /usr/lib/crt1.o
 .rel.text._ZNSt6vectorIS_IN7Tilemap8TileDataESaIS1_EESaIS3_EEaSERKS5_
                0x0000000000000000        0x0 /usr/lib/crt1.o
 .rel.text._ZNSt20__copy_move_backwardILb0ELb0ESt26random_access_iterator_tagE13__copy_move_bIPSt6vectorIS3_IN7Tilemap8TileDataESaIS5_EESaIS7_EESA_EET0_T_SC_SB_
                0x0000000000000000        0x0 /usr/lib/crt1.o
 .rel.text._ZSt8__fill_aIPSt6vectorIS0_IN7Tilemap8TileDataESaIS2_EESaIS4_EES6_EN9__gnu_cxx11__enable_ifIXntsrSt11__is_scalarIT0_E7__valueEvE6__typeET_SF_RKSB_
                0x0000000000000000        0x0 /usr/lib/crt1.o
 .rel.text._ZNSt6vectorIS_IS_IN7Tilemap8TileDataESaIS1_EESaIS3_EESaIS5_EE14_M_fill_insertEN9__gnu_cxx17__normal_iteratorIPS5_S7_EEjRKS5_
                0x0000000000000000        0x0 /usr/lib/crt1.o
 .rel.text._ZNSt6vectorIS_IS_IN7Tilemap8TileDataESaIS1_EESaIS3_EESaIS5_EE6resizeEjS5_
                0x0000000000000000        0x0 /usr/lib/crt1.o
 .rel.text._ZNK6QFlagsIN2Qt16KeyboardModifierEEanES1_
                0x0000000000000000        0x0 /usr/lib/crt1.o
 .rel.text._ZNK6QFlagsIN2Qt11MouseButtonEEanES1_
                0x0000000000000000        0x0 /usr/lib/crt1.o
 .rel.text._ZNSt11_Deque_baseI5EventSaIS0_EED2Ev
                0x0000000000000000        0x0 /usr/lib/crt1.o
 .rel.text._ZNSt11_Deque_baseI5EventSaIS0_EE17_M_initialize_mapEj
                0x0000000000000000        0x0 /usr/lib/crt1.o
 .rel.text._ZNSt11_Deque_baseI5EventSaIS0_EEC2Ev
                0x0000000000000000        0x0 /usr/lib/crt1.o
 .rel.text._ZNSt5dequeI5EventSaIS0_EE16_M_pop_front_auxEv
                0x0000000000000000        0x0 /usr/lib/crt1.o
 .rel.text._ZNSt5dequeI5EventSaIS0_EE9pop_frontEv
                0x0000000000000000        0x0 /usr/lib/crt1.o
 .rel.text._ZStmiI5EventRS0_PS0_ENSt15_Deque_iteratorIT_T0_T1_E15difference_typeERKS7_SA_
                0x0000000000000000        0x0 /usr/lib/crt1.o
 .rel.text._ZNKSt5dequeI5EventSaIS0_EE4sizeEv
                0x0000000000000000        0x0 /usr/lib/crt1.o
 .rel.text._ZNSt15_Deque_iteratorI5EventRS0_PS0_EppEv
                0x0000000000000000        0x0 /usr/lib/crt1.o
 .rel.text._ZNSt15_Deque_iteratorI5EventRKS0_PS1_EppEv
                0x0000000000000000        0x0 /usr/lib/crt1.o
 .rel.text._ZSt10_ConstructI5EventS0_EvPT_RKT0_
                0x0000000000000000        0x0 /usr/lib/crt1.o
 .rel.text._ZNSt5dequeI5EventSaIS0_EEC2ERKS2_
                0x0000000000000000        0x0 /usr/lib/crt1.o
 .rel.text._ZNSt11__copy_moveILb0ELb1ESt26random_access_iterator_tagE8__copy_mIP5EventEEPT_PKS5_S8_S6_
                0x0000000000000000        0x0 /usr/lib/crt1.o
 .rel.text._ZNSt20__copy_move_backwardILb0ELb1ESt26random_access_iterator_tagE13__copy_move_bIP5EventEEPT_PKS5_S8_S6_
                0x0000000000000000        0x0 /usr/lib/crt1.o
 .rel.text._ZNSt5dequeI5EventSaIS0_EE17_M_reallocate_mapEjb
                0x0000000000000000        0x0 /usr/lib/crt1.o
 .rel.text._ZNSt5dequeI5EventSaIS0_EE22_M_reserve_map_at_backEj
                0x0000000000000000        0x0 /usr/lib/crt1.o
 .rel.text._ZNSt5dequeI5EventSaIS0_EE16_M_push_back_auxERKS0_
                0x0000000000000000        0x0 /usr/lib/crt1.o
 .rel.text._ZNSt5dequeI5EventSaIS0_EE9push_backERKS0_
                0x0000000000000000        0x0 /usr/lib/crt1.o
 *(.rel.fini)
 *(.rel.rodata .rel.rodata.* .rel.gnu.linkonce.r.*)
 .rel.rodata._ZTV10MainThread
                0x0000000000000000        0x0 /usr/lib/crt1.o
 .rel.rodata._ZTI10MainThread
                0x0000000000000000        0x0 /usr/lib/crt1.o
 .rel.rodata._ZTV5Plane
                0x0000000000000000        0x0 /usr/lib/crt1.o
 .rel.rodata._ZTI5Plane
                0x0000000000000000        0x0 /usr/lib/crt1.o
 .rel.rodata._ZTV8Drawable
                0x0000000000000000        0x0 /usr/lib/crt1.o
 .rel.rodata._ZTI8Drawable
                0x0000000000000000        0x0 /usr/lib/crt1.o
 .rel.rodata._ZTV6Sprite
                0x0000000000000000        0x0 /usr/lib/crt1.o
 .rel.rodata._ZTI6Sprite
                0x0000000000000000        0x0 /usr/lib/crt1.o
 .rel.rodata._ZTV7Tilemap
                0x0000000000000000        0x0 /usr/lib/crt1.o
 .rel.rodata._ZTI7Tilemap
                0x0000000000000000        0x0 /usr/lib/crt1.o
 .rel.rodata._ZTV8Viewport
                0x0000000000000000        0x0 /usr/lib/crt1.o
 .rel.rodata._ZTI8Viewport
                0x0000000000000000        0x0 /usr/lib/crt1.o
 .rel.rodata._ZTV6Window
                0x0000000000000000        0x0 /usr/lib/crt1.o
 .rel.rodata._ZTI6Window
                0x0000000000000000        0x0 /usr/lib/crt1.o
 .rel.rodata._ZTV8WindowUi
                0x0000000000000000        0x0 /usr/lib/crt1.o
 .rel.rodata._ZTI8WindowUi
                0x0000000000000000        0x0 /usr/lib/crt1.o
 *(.rel.data.rel.ro* .rel.gnu.linkonce.d.rel.ro.*)
 *(.rel.data .rel.data.* .rel.gnu.linkonce.d.*)
 *(.rel.tdata .rel.tdata.* .rel.gnu.linkonce.td.*)
 *(.rel.tbss .rel.tbss.* .rel.gnu.linkonce.tb.*)
 *(.rel.ctors)
 *(.rel.dtors)
 *(.rel.got)
 .rel.got       0x000000000804c440        0x8 /usr/lib/crt1.o
 *(.rel.bss .rel.bss.* .rel.gnu.linkonce.b.*)
 .rel.bss       0x000000000804c448       0xb8 /usr/lib/crt1.o
 *(.rel.ifunc)
 .rel.eh_frame  0x0000000000000000        0x0 /usr/lib/crt1.o

.rel.plt        0x000000000804c500      0xa30
 *(.rel.plt)
 .rel.plt       0x000000000804c500      0xa30 /usr/lib/crt1.o
                0x000000000804cf30                PROVIDE (__rel_iplt_start, .)
 *(.rel.iplt)
 .rel.iplt      0x0000000000000000        0x0 /usr/lib/crt1.o
                0x000000000804cf30                PROVIDE (__rel_iplt_end, .)

.init           0x000000000804cf30       0x30
 *(.init)
 .init          0x000000000804cf30       0x22 /usr/lib/crti.o
                0x000000000804cf30                _init
 .init          0x000000000804cf52        0x5 /usr/local/lib/gcc/i686-pc-linux-gnu/4.5.0/crtbegin.o
 .init          0x000000000804cf57        0x5 /usr/local/lib/gcc/i686-pc-linux-gnu/4.5.0/crtend.o
 .init          0x000000000804cf5c        0x4 /usr/lib/crtn.o

.plt            0x000000000804cf60     0x1470
 *(.plt)
 .plt           0x000000000804cf60     0x1470 /usr/lib/crt1.o
                0x000000000804cf70                Mix_FadeInMusic
                0x000000000804cf80                _ZThn8_NK7QWidget7devTypeEv
                0x000000000804cf90                _ZN7QWidget22windowActivationChangeEb
                0x000000000804cfa0                rb_io_close
                0x000000000804cfb0                _ZNSt14basic_ifstreamIcSt11char_traitsIcEED1Ev@@GLIBCXX_3.4
                0x000000000804cfc0                __libc_start_main@@GLIBC_2.0
                0x000000000804cfd0                rb_define_attr
                0x000000000804cfe0                __cxa_begin_catch@@CXXABI_1.3
                0x000000000804cff0                _ZN12QApplicationD1Ev
                0x000000000804d000                listen@@GLIBC_2.0
                0x000000000804d010                glClearDepth
                0x000000000804d020                _ZN7QWidget13dragMoveEventEP14QDragMoveEvent
                0x000000000804d030                _ZNSsC1ERKSs@@GLIBCXX_3.4
                0x000000000804d040                _ZN9QGLWidget11qt_metacastEPKc
                0x000000000804d050                _ZN7QWidget9showEventEP10QShowEvent
                0x000000000804d060                _ZSt17__throw_bad_allocv@@GLIBCXX_3.4
                0x000000000804d070                _Znaj@@GLIBCXX_3.4
                0x000000000804d080                glMatrixMode
                0x000000000804d090                FT_Init_FreeType
                0x000000000804d0a0                rb_define_class_variable
                0x000000000804d0b0                rb_str_substr
                0x000000000804d0c0                _ZN7QWidget6resizeERK5QSize
                0x000000000804d0d0                feof@@GLIBC_2.0
                0x000000000804d0e0                glClearColor
                0x000000000804d0f0                _ZN9QGLWidget6glDrawEv
                0x000000000804d100                rb_to_int
                0x000000000804d110                _ZNSs6assignEPKc@@GLIBCXX_3.4
                0x000000000804d120                _ZNKSs5rfindEcj@@GLIBCXX_3.4
                0x000000000804d130                exit@@GLIBC_2.0
                0x000000000804d140                rb_hash_aref
                0x000000000804d150                _ZN7QWidget16inputMethodEventEP17QInputMethodEvent
                0x000000000804d160                Mix_FadeOutMusic
                0x000000000804d170                rb_str_dup
                0x000000000804d180                _ZN9QGLWidget11resizeEventEP12QResizeEvent
                0x000000000804d190                close@@GLIBC_2.0
                0x000000000804d1a0                _ZN7QWidget11styleChangeER6QStyle
                0x000000000804d1b0                memcpy@@GLIBC_2.0
                0x000000000804d1c0                memmove@@GLIBC_2.0
                0x000000000804d1d0                _ZNSt14basic_ofstreamIcSt11char_traitsIcEEC1Ev@@GLIBCXX_3.4
                0x000000000804d1e0                rb_intern2
                0x000000000804d1f0                rb_str_concat
                0x000000000804d200                _ZN9QGLWidget15resizeOverlayGLEii
                0x000000000804d210                connect@@GLIBC_2.0
                0x000000000804d220                realloc@@GLIBC_2.0
                0x000000000804d230                _ZN7QObject10childEventEP11QChildEvent
                0x000000000804d240                rb_ary_entry
                0x000000000804d250                rb_ary_concat
                0x000000000804d260                Mix_HaltChannel
                0x000000000804d270                fgets@@GLIBC_2.0
                0x000000000804d280                rb_string_value_ptr
                0x000000000804d290                rb_num2dbl
                0x000000000804d2a0                Mix_PlayChannelTimed
                0x000000000804d2b0                rb_obj_is_kind_of
                0x000000000804d2c0                recv@@GLIBC_2.0
                0x000000000804d2d0                Mix_Pause
                0x000000000804d2e0                glLoadIdentity
                0x000000000804d2f0                _ZN7QThread11qt_metacastEPKc
                0x000000000804d300                _ZN7QWidget9setCursorERK7QCursor
                0x000000000804d310                _ZNSsC1ERKSsjj@@GLIBCXX_3.4
                0x000000000804d320                _ZNSt15_List_node_base9_M_unhookEv@@GLIBCXX_3.4.14
                0x000000000804d330                __stack_chk_fail@@GLIBC_2.4
                0x000000000804d340                _ZNSs9push_backEc@@GLIBCXX_3.4
                0x000000000804d350                rb_ary_new2
                0x000000000804d360                glOrtho
                0x000000000804d370                _ZN7QWidget14dragEnterEventEP15QDragEnterEvent
                0x000000000804d380                ruby_init_loadpath
                0x000000000804d390                pow@@GLIBC_2.0
                0x000000000804d3a0                _ZN7QObject10timerEventEP11QTimerEvent
                0x000000000804d3b0                glTranslatef
                0x000000000804d3c0                rb_marshal_dump
                0x000000000804d3d0                _ZN11QMessageBox8criticalEP7QWidgetRK7QStringS4_6QFlagsINS_14StandardButtonEES6_
                0x000000000804d3e0                _ZNSt15_List_node_base7_M_hookEPS_@@GLIBCXX_3.4.14
                0x000000000804d3f0                rb_obj_as_string
                0x000000000804d400                __cxa_guard_acquire@@CXXABI_1.3
                0x000000000804d410                rb_class_path
                0x000000000804d420                ftell@@GLIBC_2.0
                0x000000000804d430                _ZNK9QGLWidget11paintEngineEv
                0x000000000804d440                Mix_FadeOutChannel
                0x000000000804d450                _ZNSt9basic_iosIcSt11char_traitsIcEE4initEPSt15basic_streambufIcS1_E@@GLIBCXX_3.4
                0x000000000804d460                _ZdaPv@@GLIBCXX_3.4
                0x000000000804d470                _ZNSo9_M_insertIlEERSoT_@@GLIBCXX_3.4.9
                0x000000000804d480                _ZN9QGLWidget11makeCurrentEv
                0x000000000804d490                _ZNK7QWidget7devTypeEv
                0x000000000804d4a0                Mix_VolumeMusic
                0x000000000804d4b0                rb_gc_enable
                0x000000000804d4c0                glGenTextures
                0x000000000804d4d0                _ZNK7QWidget12isFullScreenEv
                0x000000000804d4e0                fwrite@@GLIBC_2.0
                0x000000000804d4f0                _ZN7QWidget11actionEventEP12QActionEvent
                0x000000000804d500                _ZN7QObject11customEventEP6QEvent
                0x000000000804d520                glViewport
                0x000000000804d530                rb_class_real
                0x000000000804d540                FT_Get_Glyph
                0x000000000804d550                FT_New_Face
                0x000000000804d560                glGetString
                0x000000000804d570                SDL_RWFromFile
                0x000000000804d580                _ZNK7QWidget16inputMethodQueryEN2Qt16InputMethodQueryE
                0x000000000804d590                _ZN9QGLWidget11qt_metacallEN11QMetaObject4CallEiPPv
                0x000000000804d5a0                _ZN7QWidget10leaveEventEP6QEvent
                0x000000000804d5b0                _ZN7QWidget8x11EventEP7_XEvent
                0x000000000804d5c0                _ZNK7QWidget8sizeHintEv
                0x000000000804d5d0                socket@@GLIBC_2.0
                0x000000000804d5e0                _ZNK7QWidget15minimumSizeHintEv
                0x000000000804d5f0                _ZNKSs7compareERKSs@@GLIBCXX_3.4
                0x000000000804d600                strstr@@GLIBC_2.0
                0x000000000804d610                rb_define_method
                0x000000000804d620                _ZSt18_Rb_tree_decrementPSt18_Rb_tree_node_base@@GLIBCXX_3.4
                0x000000000804d630                ceil@@GLIBC_2.0
                0x000000000804d640                SDL_Delay
                0x000000000804d650                _ZN11QFocusEvent6reasonEv
                0x000000000804d660                _ZN7QWidget21mouseDoubleClickEventEP11QMouseEvent
                0x000000000804d670                rb_define_module
                0x000000000804d680                FT_Glyph_To_Bitmap
                0x000000000804d690                SDL_InitSubSystem
                0x000000000804d6a0                _ZN7QWidget11changeEventEP6QEvent
                0x000000000804d6b0                _ZThn8_NK9QGLWidget11paintEngineEv
                0x000000000804d6c0                __memcpy_chk@@GLIBC_2.3.4
                0x000000000804d6d0                Mix_Playing
                0x000000000804d6e0                glVertex2f
                0x000000000804d6f0                _ZN7QString16fromAscii_helperEPKci
                0x000000000804d700                rb_iv_get
                0x000000000804d710                send@@GLIBC_2.0
                0x000000000804d720                rb_class_new_instance
                0x000000000804d730                Mix_LoadMUS
                0x000000000804d740                Mix_HookMusicFinished
                0x000000000804d750                rb_call_super
                0x000000000804d760                rb_str_times
                0x000000000804d770                rb_int2big
                0x000000000804d780                _ZdlPv@@GLIBCXX_3.4
                0x000000000804d790                _ZN9QGLWidgetC2EP7QWidgetPKS_6QFlagsIN2Qt10WindowTypeEE
                0x000000000804d7a0                rb_raise
                0x000000000804d7b0                rb_define_class
                0x000000000804d7c0                __cxa_guard_release@@CXXABI_1.3
                0x000000000804d7d0                _ZN9QGLWidget11swapBuffersEv
                0x000000000804d7e0                glEnable
                0x000000000804d7f0                _ZN7QObject13connectNotifyEPKc
                0x000000000804d800                glClear
                0x000000000804d810                rb_funcall2
                0x000000000804d820                FT_Load_Char
                0x000000000804d830                rb_str_new
                0x000000000804d840                FT_Done_Glyph
                0x000000000804d850                _ZN7QWidget18focusNextPrevChildEb
                0x000000000804d860                _ZN7QCursorD1Ev
                0x000000000804d870                _ZN7QWidget14showFullScreenEv
                0x000000000804d880                _Znwj@@GLIBCXX_3.4
                0x000000000804d890                _ZN9QGLWidgetD2Ev
                0x000000000804d8a0                glScissor
                0x000000000804d8b0                rb_define_class_under
                0x000000000804d8c0                __gxx_personality_v0@@CXXABI_1.3
                0x000000000804d8d0                _ZSt20__throw_length_errorPKc@@GLIBCXX_3.4
                0x000000000804d8e0                _ZN9QGLWidget5eventEP6QEvent
                0x000000000804d8f0                Mix_PlayMusic
                0x000000000804d900                _ZN7QWidget9dropEventEP10QDropEvent
                0x000000000804d910                _ZSt20__throw_out_of_rangePKc@@GLIBCXX_3.4
                0x000000000804d920                Mix_Volume
                0x000000000804d930                rb_ary_new
                0x000000000804d940                __assert_fail@@GLIBC_2.0
                0x000000000804d950                glReadPixels
                0x000000000804d960                glTexCoord2f
                0x000000000804d970                _ZThn8_NK7QWidget6metricEN12QPaintDevice17PaintDeviceMetricE
                0x000000000804d980                _Unwind_Resume@@GCC_3.0
                0x000000000804d990                _ZN12QApplicationC1ERiPPci
                0x000000000804d9a0                _ZNSt8ios_base4InitD1Ev@@GLIBCXX_3.4
                0x000000000804d9b0                _ZN7QWidget9hideEventEP10QHideEvent
                0x000000000804d9c0                rb_obj_clone
                0x000000000804d9d0                rb_funcall
                0x000000000804d9e0                rb_require
                0x000000000804d9f0                rand@@GLIBC_2.0
                0x000000000804da00                memcmp@@GLIBC_2.0
                0x000000000804da10                _ZNSs6appendEPKc@@GLIBCXX_3.4
                0x000000000804da20                inet_addr@@GLIBC_2.0
                0x000000000804da30                _ZN7QWidget13enabledChangeEb
                0x000000000804da40                memset@@GLIBC_2.0
                0x000000000804da50                _ZN11QMessageBox7warningEP7QWidgetRK7QStringS4_6QFlagsINS_14StandardButtonEES6_
                0x000000000804da60                ruby_init
                0x000000000804da70                FT_Set_Transform
                0x000000000804da80                rb_hash_delete
                0x000000000804da90                _ZNSt8ios_baseD2Ev@@GLIBCXX_3.4
                0x000000000804daa0                Mix_PauseMusic
                0x000000000804dab0                ceilf@@GLIBC_2.0
                0x000000000804dac0                glPushMatrix
                0x000000000804dad0                glVertex2i
                0x000000000804dae0                rb_define_singleton_method
                0x000000000804daf0                _ZNSt14basic_ifstreamIcSt11char_traitsIcEE4openEPKcSt13_Ios_Openmode@@GLIBCXX_3.4
                0x000000000804db00                _ZN9QGLWidget19initializeOverlayGLEv
                0x000000000804db10                shutdown@@GLIBC_2.0
                0x000000000804db20                rb_ary_push
                0x000000000804db30                fread@@GLIBC_2.0
                0x000000000804db40                rb_define_module_under
                0x000000000804db50                ldexp@@GLIBC_2.0
                0x000000000804db60                _ZN7QWidget16contextMenuEventEP17QContextMenuEvent
                0x000000000804db70                _ZN7QWidget10enterEventEP6QEvent
                0x000000000804db80                _ZN7QThread11qt_metacallEN11QMetaObject4CallEiPPv
                0x000000000804db90                _ZN7QWidget10fontChangeERK5QFont
                0x000000000804dba0                glTexSubImage2D
                0x000000000804dbb0                glTexParameteri
                0x000000000804dbc0                rb_cv_get
                0x000000000804dbd0                __cxa_end_catch@@CXXABI_1.3
                0x000000000804dbe0                _ZN9QGLWidget7paintGLEv
                0x000000000804dbf0                _ZN9QGLWidget14paintOverlayGLEv
                0x000000000804dc00                rb_protect
                0x000000000804dc10                _ZNSt14basic_ofstreamIcSt11char_traitsIcEED1Ev@@GLIBCXX_3.4
                0x000000000804dc20                strtol@@GLIBC_2.0
                0x000000000804dc30                _ZNK9QGLWidget10metaObjectEv
                0x000000000804dc40                glXGetProcAddressARB
                0x000000000804dc50                Mix_LoadWAV_RW
                0x000000000804dc60                _ZSt16__ostream_insertIcSt11char_traitsIcEERSt13basic_ostreamIT_T0_ES6_PKS3_i@@GLIBCXX_3.4.9
                0x000000000804dc70                _ZN7QWidget10setVisibleEb
                0x000000000804dc80                _ZNK7QWidget6metricEN12QPaintDevice17PaintDeviceMetricE
                0x000000000804dc90                _ZNSs6assignERKSs@@GLIBCXX_3.4
                0x000000000804dca0                _ZN7QWidget14dragLeaveEventEP15QDragLeaveEvent
                0x000000000804dcb0                _ZNK7QWidget14heightForWidthEi
                0x000000000804dcc0                __cxa_rethrow@@CXXABI_1.3
                0x000000000804dcd0                Mix_FreeChunk
                0x000000000804dce0                __cxa_atexit@@GLIBC_2.1.3
                0x000000000804dcf0                free@@GLIBC_2.0
                0x000000000804dd00                glRotatef
                0x000000000804dd10                rb_file_open
                0x000000000804dd20                glShadeModel
                0x000000000804dd30                _ZNSs6appendERKSs@@GLIBCXX_3.4
                0x000000000804dd40                _ZNSt13basic_filebufIcSt11char_traitsIcEEC1Ev@@GLIBCXX_3.4
                0x000000000804dd50                Mix_FreeMusic
                0x000000000804dd60                rb_hash_aset
                0x000000000804dd70                Mix_Resume
                0x000000000804dd80                Mix_HaltMusic
                0x000000000804dd90                glGetIntegerv
                0x000000000804dda0                _ZN7QWidget14setWindowTitleERK7QString
                0x000000000804ddb0                rb_hash_new
                0x000000000804ddc0                rb_cv_set
                0x000000000804ddd0                _ZSt28_Rb_tree_rebalance_for_erasePSt18_Rb_tree_node_baseRS_@@GLIBCXX_3.4
                0x000000000804dde0                _ZNSt15_List_node_base4swapERS_S0_@@GLIBCXX_3.4
                0x000000000804ddf0                fgetc@@GLIBC_2.0
                0x000000000804de00                rb_errinfo
                0x000000000804de10                fclose@@GLIBC_2.1
                0x000000000804de20                _ZN12QApplication4execEv
                0x000000000804de30                rb_gv_get
                0x000000000804de40                glEnd
                0x000000000804de50                _ZN7QWidget10closeEventEP11QCloseEvent
                0x000000000804de60                _ZSt18_Rb_tree_incrementPKSt18_Rb_tree_node_base@@GLIBCXX_3.4
                0x000000000804de70                _ZNSt13basic_filebufIcSt11char_traitsIcEED1Ev@@GLIBCXX_3.4
                0x000000000804de80                rb_const_get
                0x000000000804de90                _ZN7QCursorC1EN2Qt11CursorShapeE
                0x000000000804dea0                _ZNSt14basic_ofstreamIcSt11char_traitsIcEE5closeEv@@GLIBCXX_3.4
                0x000000000804deb0                _ZN7QObject11eventFilterEPS_P6QEvent
                0x000000000804dec0                _ZNK9QKeyEvent9modifiersEv
                0x000000000804ded0                Mix_ResumeMusic
                0x000000000804dee0                rb_ary_clear
                0x000000000804def0                rb_ary_store
                0x000000000804df00                _ZN7QThreadC2EP7QObject
                0x000000000804df10                glDisable
                0x000000000804df20                __cxa_pure_virtual@@CXXABI_1.3
                0x000000000804df30                FT_Glyph_Get_CBox
                0x000000000804df40                bind@@GLIBC_2.0
                0x000000000804df50                rb_define_global_function
                0x000000000804df60                _ZNSi3getEv@@GLIBCXX_3.4
                0x000000000804df70                fopen@@GLIBC_2.1
                0x000000000804df80                _ZN11QMessageBox11informationEP7QWidgetRK7QStringS4_6QFlagsINS_14StandardButtonEES6_
                0x000000000804df90                _ZNSt13basic_filebufIcSt11char_traitsIcEE4openEPKcSt13_Ios_Openmode@@GLIBCXX_3.4
                0x000000000804dfa0                _ZSt18_Rb_tree_incrementPSt18_Rb_tree_node_base@@GLIBCXX_3.4
                0x000000000804dfb0                rb_gc_start
                0x000000000804dfc0                rb_ary_new3
                0x000000000804dfd0                malloc@@GLIBC_2.0
                0x000000000804dfe0                glPixelTransferf
                0x000000000804dff0                _ZN7QObject5eventEP6QEvent
                0x000000000804e000                _ZNSt8ios_baseC2Ev@@GLIBCXX_3.4
                0x000000000804e010                rb_bug
                0x000000000804e020                _ZN7QWidget14languageChangeEv
                0x000000000804e030                rb_gc_disable
                0x000000000804e040                _ZSt4endlIcSt11char_traitsIcEERSt13basic_ostreamIT_T0_ES6_@@GLIBCXX_3.4
                0x000000000804e050                _ZNSt8ios_base4InitC1Ev@@GLIBCXX_3.4
                0x000000000804e060                glBegin
                0x000000000804e070                _ZN9QGLWidget15updateOverlayGLEv
                0x000000000804e080                rb_define_const
                0x000000000804e090                glPopMatrix
                0x000000000804e0a0                strdup@@GLIBC_2.0
                0x000000000804e0b0                _ZNKSt12__basic_fileIcE7is_openEv@@GLIBCXX_3.4
                0x000000000804e0c0                glDeleteTextures
                0x000000000804e0d0                _ZN7QWidget11tabletEventEP12QTabletEvent
                0x000000000804e0e0                SDL_GetError
                0x000000000804e0f0                rb_num2long
                0x000000000804e100                _ZSt18_Rb_tree_decrementPKSt18_Rb_tree_node_base@@GLIBCXX_3.4
                0x000000000804e110                rb_gc_register_address
                0x000000000804e120                rb_float_new
                0x000000000804e130                rb_exit
                0x000000000804e140                _ZNSt15_List_node_base11_M_transferEPS_S0_@@GLIBCXX_3.4.14
                0x000000000804e150                _ZN7QString4freeEPNS_4DataE
                0x000000000804e160                _ZNKSs7compareEPKc@@GLIBCXX_3.4
                0x000000000804e170                _ZSt29_Rb_tree_insert_and_rebalancebPSt18_Rb_tree_node_baseS0_RS_@@GLIBCXX_3.4
                0x000000000804e180                _ZN7QObject16disconnectNotifyEPKc
                0x000000000804e190                glTexImage2D
                0x000000000804e1a0                __vsprintf_chk@@GLIBC_2.3.4
                0x000000000804e1b0                _ZN7QThread5startENS_8PriorityE
                0x000000000804e1c0                FT_Set_Pixel_Sizes
                0x000000000804e1d0                _ZNSs6assignEPKcj@@GLIBCXX_3.4
                0x000000000804e1e0                _ZN7QThreadD2Ev
                0x000000000804e1f0                _ZNK7QThread10metaObjectEv
                0x000000000804e200                _ZNSt9basic_iosIcSt11char_traitsIcEE5clearESt12_Ios_Iostate@@GLIBCXX_3.4
                0x000000000804e210                SDL_GetTicks
                0x000000000804e220                rb_gc
                0x000000000804e230                mcount@@GLIBC_2.0
                0x000000000804e240                glColor4f
                0x000000000804e250                rb_check_type
                0x000000000804e260                strncmp@@GLIBC_2.0
                0x000000000804e270                sqrtf@@GLIBC_2.0
                0x000000000804e280                glBlendFunc
                0x000000000804e290                Mix_OpenAudio
                0x000000000804e2a0                rb_eval_string
                0x000000000804e2b0                glBindTexture
                0x000000000804e2c0                rb_iv_set
                0x000000000804e2d0                _ZNSsD1Ev@@GLIBCXX_3.4
                0x000000000804e2e0                _ZN7QWidget13paletteChangeERK8QPalette
                0x000000000804e2f0                rb_gv_set
                0x000000000804e300                _ZNSsC1EPKcRKSaIcE@@GLIBCXX_3.4
                0x000000000804e310                rb_cvar_get
                0x000000000804e320                _ZN7QWidget9moveEventEP10QMoveEvent
                0x000000000804e330                rb_Float
                0x000000000804e340                rb_funcall3
                0x000000000804e350                __sprintf_chk@@GLIBC_2.3.4
                0x000000000804e360                rb_marshal_load
                0x000000000804e370                rb_class2name
                0x000000000804e380                _ZN9QGLWidget10paintEventEP11QPaintEvent
                0x000000000804e390                fseek@@GLIBC_2.0
                0x000000000804e3a0                FT_Select_Charmap
                0x000000000804e3b0                _ZN9QGLWidget6glInitEv
                0x000000000804e3c0                _ZStlsIcSt11char_traitsIcESaIcEERSt13basic_ostreamIT_T0_ES7_RKSbIS4_S5_T1_E@@GLIBCXX_3.4
 *(.iplt)
 .iplt          0x0000000000000000        0x0 /usr/lib/crt1.o

.text           0x000000000804e3d0    0x40cec
 *(.text.unlikely .text.*_unlikely)
 *(.text .stub .text.* .gnu.linkonce.t.*)
 .text          0x000000000804e3d0       0x24 /usr/lib/crt1.o
                0x000000000804e3d0                _start
 .text          0x000000000804e3f4        0x0 /usr/lib/crti.o
 *fill*         0x000000000804e3f4        0xc 90909090
 .text          0x000000000804e400       0x83 /usr/local/lib/gcc/i686-pc-linux-gnu/4.5.0/crtbegin.o
 *fill*         0x000000000804e483        0x1 90909090
 .text          0x000000000804e484       0xd2 ./objs/argss.o
                0x000000000804e484                _ZN5ARGSS4InitEv
                0x000000000804e539                _ZN5ARGSS4ExitEv
 *fill*         0x000000000804e556        0x2 90909090
 .text          0x000000000804e558      0x79d ./objs/argss_audio.o
                0x000000000804e558                _ZN5ARGSS6AAudio8rse_stopEm
                0x000000000804e5d5                _ZN5ARGSS6AAudio8rse_playEiPmm
                0x000000000804e6e5                _ZN5ARGSS6AAudio8rme_fadeEmm
                0x000000000804e736                _ZN5ARGSS6AAudio8rme_stopEm
                0x000000000804e769                _ZN5ARGSS6AAudio8rme_playEiPmm
                0x000000000804e879                _ZN5ARGSS6AAudio9rbgs_fadeEmm
                0x000000000804e8ca                _ZN5ARGSS6AAudio9rbgs_stopEm
                0x000000000804e8fd                _ZN5ARGSS6AAudio9rbgs_playEiPmm
                0x000000000804ea0d                _ZN5ARGSS6AAudio9rbgm_fadeEmm
                0x000000000804ea5e                _ZN5ARGSS6AAudio9rbgm_stopEm
                0x000000000804ea91                _ZN5ARGSS6AAudio9rbgm_playEiPmm
                0x000000000804eba1                _ZN5ARGSS6AAudio4InitEv
 *fill*         0x000000000804ecf5        0x3 90909090
 .text          0x000000000804ecf8     0x172d ./objs/argss_bitmap.o
                0x000000000804ecf8                _ZN5ARGSS7ABitmap10rdisposedQEm
                0x000000000804edd0                _ZN5ARGSS7ABitmap8rdisposeEm
                0x000000000804ee28                _ZN5ARGSS7ABitmap11rinitializeEiPmm
                0x000000000804ef0f                _ZN5ARGSS7ABitmap4InitEv
                0x000000000804f1ef                _ZN5ARGSS7ABitmap13CheckDisposedEm
                0x000000000804f240                _ZN5ARGSS7ABitmap4rdupEm
                0x000000000804f33c                _ZN5ARGSS7ABitmap6rfontEEmm
                0x000000000804f395                _ZN5ARGSS7ABitmap5rfontEm
                0x000000000804f3d8                _ZN5ARGSS7ABitmap12rradial_blurEmmm
                0x000000000804f442                _ZN5ARGSS7ABitmap5rblurEm
                0x000000000804f48a                _ZN5ARGSS7ABitmap11rclear_rectEiPmm
                0x000000000804f5a7                _ZN5ARGSS7ABitmap19rgradient_fill_rectEiPmm
                0x000000000804f7c1                _ZN5ARGSS7ABitmap11rhsl_changeEiPmm
                0x000000000804f901                _ZN5ARGSS7ABitmap17rluminance_changeEmm
                0x000000000804f961                _ZN5ARGSS7ABitmap18rsaturation_changeEmm
                0x000000000804f9c1                _ZN5ARGSS7ABitmap11rhue_changeEmm
                0x000000000804fa21                _ZN5ARGSS7ABitmap10rset_pixelEmmmm
                0x000000000804fac8                _ZN5ARGSS7ABitmap10rget_pixelEmmm
                0x000000000804fb5d                _ZN5ARGSS7ABitmap6rclearEiPmm
                0x000000000804fc17                _ZN5ARGSS7ABitmap10rfill_rectEiPmm
                0x000000000804fd95                _ZN5ARGSS7ABitmap12rstretch_bltEiPmm
                0x000000000804ff16                _ZN5ARGSS7ABitmap4rbltEiPmm
                0x000000000805006f                _ZN5ARGSS7ABitmap5rrectEm
                0x00000000080500e5                _ZN5ARGSS7ABitmap7rheightEm
                0x0000000008050135                _ZN5ARGSS7ABitmap6rwidthEm
                0x0000000008050185                _ZN5ARGSS7ABitmap10rtext_sizeEmm
                0x0000000008050246                _ZN5ARGSS7ABitmap10rdraw_textEiPmm
 *fill*         0x0000000008050425        0x3 90909090
 .text          0x0000000008050428      0xa69 ./objs/argss_color.o
                0x0000000008050428                _ZN5ARGSS6AColor6ralphaEm
                0x000000000805045e                _ZN5ARGSS6AColor5rblueEm
                0x0000000008050494                _ZN5ARGSS6AColor6rgreenEm
                0x00000000080504ca                _ZN5ARGSS6AColor4rredEm
                0x0000000008050500                _ZN5ARGSS6AColor5rloadEmm
                0x00000000080505c8                _ZN5ARGSS6AColor5rdumpEiPmm
                0x00000000080506a8                _ZN5ARGSS6AColor8rinspectEm
                0x0000000008050785                _Z13CapColorValued
                0x00000000080507d1                _ZN5ARGSS6AColor7ralphaEEmm
                0x0000000008050828                _ZN5ARGSS6AColor6rblueEEmm
                0x000000000805087f                _ZN5ARGSS6AColor7rgreenEEmm
                0x00000000080508d6                _ZN5ARGSS6AColor5rredEEmm
                0x000000000805092d                _ZN5ARGSS6AColor4rsetEiPmm
                0x0000000008050a44                _ZN5ARGSS6AColor11rinitializeEiPmm
                0x0000000008050b5b                _ZN5ARGSS6AColor4InitEv
                0x0000000008050ce9                _ZN5ARGSS6AColor3NewEv
                0x0000000008050d6d                _ZN5ARGSS6AColor3NewEm
                0x0000000008050dfc                _ZN5ARGSS6AColor3NewEdddd
 *fill*         0x0000000008050e91        0x3 90909090
 .text          0x0000000008050e94       0x41 ./objs/argss_error.o
                0x0000000008050e94                _ZN5ARGSS6AError4InitEv
 *fill*         0x0000000008050ed5        0x3 90909090
 .text          0x0000000008050ed8      0xb89 ./objs/argss_font.o
                0x0000000008050ed8                _ZN5ARGSS5AFont7rexistQEm
                0x0000000008050f03                _ZN5ARGSS5AFont16rdefault_shadowEEmm
                0x0000000008050f4f                _ZN5ARGSS5AFont16rdefault_italicEEmm
                0x0000000008050f9b                _ZN5ARGSS5AFont14rdefault_boldEEmm
                0x0000000008050fe7                _ZN5ARGSS5AFont15rdefault_shadowEm
                0x0000000008051020                _ZN5ARGSS5AFont14rdefault_colorEm
                0x0000000008051059                _ZN5ARGSS5AFont15rdefault_italicEm
                0x0000000008051092                _ZN5ARGSS5AFont13rdefault_boldEm
                0x00000000080510cb                _ZN5ARGSS5AFont13rdefault_sizeEm
                0x0000000008051104                _ZN5ARGSS5AFont13rdefault_nameEm
                0x000000000805113d                _ZN5ARGSS5AFont15rdefault_colorEEmm
                0x000000000805118f                _ZN5ARGSS5AFont14rdefault_sizeEEmm
                0x00000000080511e1                _ZN5ARGSS5AFont14rdefault_nameEEmm
                0x0000000008051231                _ZN5ARGSS5AFont8rshadowEEmm
                0x000000000805127e                _ZN5ARGSS5AFont7rcolorEEmm
                0x00000000080512cf                _ZN5ARGSS5AFont8ritalicEEmm
                0x000000000805131c                _ZN5ARGSS5AFont6rboldEEmm
                0x0000000008051369                _ZN5ARGSS5AFont6rsizeEEmm
                0x00000000080513bc                _ZN5ARGSS5AFont6rnameEEmm
                0x000000000805140d                _ZN5ARGSS5AFont7rshadowEm
                0x0000000008051443                _ZN5ARGSS5AFont6rcolorEm
                0x0000000008051479                _ZN5ARGSS5AFont7ritalicEm
                0x00000000080514af                _ZN5ARGSS5AFont5rboldEm
                0x00000000080514e5                _ZN5ARGSS5AFont5rsizeEm
                0x000000000805151b                _ZN5ARGSS5AFont5rnameEm
                0x0000000008051551                _ZN5ARGSS5AFont11rinitializeEiPmm
                0x00000000080516a2                _ZN5ARGSS5AFont4InitEv
                0x0000000008051a29                _ZN5ARGSS5AFont3NewEv
 *fill*         0x0000000008051a61        0x3 90909090
 .text          0x0000000008051a64      0x8ad ./objs/argss_graphics.o
                0x0000000008051a64                _ZN5ARGSS9AGraphics4rfpsEm
                0x0000000008051ae1                _ZN5ARGSS9AGraphics12rbrightnessEEmm
                0x0000000008051b2f                _ZN5ARGSS9AGraphics11rbrightnessEm
                0x0000000008051b62                _ZN5ARGSS9AGraphics7rfadeinEmm
                0x0000000008051bb3                _ZN5ARGSS9AGraphics8rfadeoutEmm
                0x0000000008051c04                _ZN5ARGSS9AGraphics15rsnap_to_bitmapEm
                0x0000000008051c31                _ZN5ARGSS9AGraphics14rresize_screenEmmm
                0x0000000008051cf2                _ZN5ARGSS9AGraphics7rheightEm
                0x0000000008051d27                _ZN5ARGSS9AGraphics6rwidthEm
                0x0000000008051d5c                _ZN5ARGSS9AGraphics5rwaitEmm
                0x0000000008051dad                _ZN5ARGSS9AGraphics11rbackcolorEEmm
                0x0000000008051df3                _ZN5ARGSS9AGraphics10rbackcolorEm
                0x0000000008051e20                _ZN5ARGSS9AGraphics13rframe_countEEmm
                0x0000000008051e6e                _ZN5ARGSS9AGraphics12rframe_countEm
                0x0000000008051ea1                _ZN5ARGSS9AGraphics12rframe_rateEEmm
                0x0000000008051eef                _ZN5ARGSS9AGraphics11rframe_rateEm
                0x0000000008051f22                _ZN5ARGSS9AGraphics12rframe_resetEm
                0x0000000008051f55                _ZN5ARGSS9AGraphics11rtransitionEiPmm
                0x000000000805206d                _ZN5ARGSS9AGraphics7rfreezeEm
                0x00000000080520a0                _ZN5ARGSS9AGraphics7rupdateEm
                0x00000000080520d3                _ZN5ARGSS9AGraphics4InitEv
 *fill*         0x0000000008052311        0x3 90909090
 .text          0x0000000008052314      0x5ca ./objs/argss_input.o
                0x0000000008052314                _ZN5ARGSS6AInput9rreleasedEm
                0x0000000008052341                _ZN5ARGSS6AInput9rrepeatedEm
                0x000000000805236e                _ZN5ARGSS6AInput10rtriggeredEm
                0x000000000805239b                _ZN5ARGSS6AInput8rpressedEm
                0x0000000008052419                _ZN5ARGSS6AInput5rdir8Em
                0x000000000805244e                _ZN5ARGSS6AInput5rdir4Em
                0x0000000008052483                _ZN5ARGSS6AInput9rreleaseQEmm
                0x00000000080524cf                _ZN5ARGSS6AInput8rrepeatQEmm
                0x000000000805251b                _ZN5ARGSS6AInput9rtriggerQEmm
                0x0000000008052567                _ZN5ARGSS6AInput7rpressQEmm
                0x00000000080525b3                _ZN5ARGSS6AInput7rupdateEm
                0x00000000080525e6                _ZN5ARGSS6AInput4InitEv
 *fill*         0x00000000080528de        0x2 90909090
 .text          0x00000000080528e0      0xcc6 ./objs/argss_keys.o
                0x00000000080528e0                _ZN5ARGSS5AKeys4InitEv
 *fill*         0x00000000080535a6        0x2 90909090
 .text          0x00000000080535a8      0x571 ./objs/argss_output.o
                0x0000000008053612                _ZN5ARGSS7AOutput10stdin_getcEiPmm
                0x000000000805367b                _ZN5ARGSS7AOutput10stdin_getsEiPmm
                0x00000000080536e4                _ZN5ARGSS7AOutput13rstderr_writeEmm
                0x000000000805376d                _ZN5ARGSS7AOutput13rstdout_writeEmm
                0x0000000008053841                _ZN5ARGSS7AOutput5rnoneEm
                0x0000000008053874                _ZN5ARGSS7AOutput5rfileEmm
                0x00000000080538f1                _ZN5ARGSS7AOutput7rmsgboxEm
                0x0000000008053924                _ZN5ARGSS7AOutput8rconsoleEm
                0x0000000008053957                _ZN5ARGSS7AOutput4InitEv
 *fill*         0x0000000008053b19        0x3 90909090
 .text          0x0000000008053b1c      0xe3d ./objs/argss_plane.o
                0x0000000008053b1c                _ZN5ARGSS6APlane10rdisposedQEm
                0x0000000008053bf4                _ZN5ARGSS6APlane11rinitializeEiPmm
                0x0000000008053d92                _ZN5ARGSS6APlane4InitEv
                0x000000000805408c                _ZN5ARGSS6APlane13CheckDisposedEm
                0x00000000080540db                _ZN5ARGSS6APlane6rtoneEEmm
                0x0000000008054145                _ZN5ARGSS6APlane5rtoneEm
                0x0000000008054188                _ZN5ARGSS6APlane7rcolorEEmm
                0x00000000080541f2                _ZN5ARGSS6APlane6rcolorEm
                0x0000000008054235                _ZN5ARGSS6APlane12rblend_typeEEmm
                0x000000000805429d                _ZN5ARGSS6APlane11rblend_typeEm
                0x00000000080542e0                _ZN5ARGSS6APlane9ropacityEEmm
                0x0000000008054348                _ZN5ARGSS6APlane8ropacityEm
                0x000000000805438b                _ZN5ARGSS6APlane8rzoom_yEEmm
                0x00000000080543fe                _ZN5ARGSS6APlane7rzoom_yEm
                0x0000000008054441                _ZN5ARGSS6APlane8rzoom_xEEmm
                0x00000000080544b4                _ZN5ARGSS6APlane7rzoom_xEm
                0x00000000080544f7                _ZN5ARGSS6APlane4royEEmm
                0x000000000805455f                _ZN5ARGSS6APlane3royEm
                0x00000000080545a2                _ZN5ARGSS6APlane4roxEEmm
                0x000000000805460a                _ZN5ARGSS6APlane3roxEm
                0x000000000805464d                _ZN5ARGSS6APlane3rzEEmm
                0x00000000080546b5                _ZN5ARGSS6APlane2rzEm
                0x00000000080546f8                _ZN5ARGSS6APlane9rvisibleEEmm
                0x000000000805475c                _ZN5ARGSS6APlane8rvisibleEm
                0x000000000805479f                _ZN5ARGSS6APlane8rbitmapEEmm
                0x0000000008054809                _ZN5ARGSS6APlane7rbitmapEm
                0x000000000805484c                _ZN5ARGSS6APlane10rviewportEEmm
                0x00000000080548b6                _ZN5ARGSS6APlane9rviewportEm
                0x00000000080548f9                _ZN5ARGSS6APlane8rdisposeEm
 *fill*         0x0000000008054959        0x3 90909090
 .text          0x000000000805495c      0x932 ./objs/argss_rect.o
                0x000000000805495c                _ZN5ARGSS5ARect5rloadEmm
                0x0000000008054a24                _ZN5ARGSS5ARect7rheightEm
                0x0000000008054a5a                _ZN5ARGSS5ARect6rwidthEm
                0x0000000008054a90                _ZN5ARGSS5ARect2ryEm
                0x0000000008054ac6                _ZN5ARGSS5ARect2rxEm
                0x0000000008054afc                _ZN5ARGSS5ARect5rdumpEiPmm
                0x0000000008054c26                _ZN5ARGSS5ARect8rinspectEm
                0x0000000008054ce6                _ZN5ARGSS5ARect8rheightEEmm
                0x0000000008054d37                _ZN5ARGSS5ARect7rwidthEEmm
                0x0000000008054d88                _ZN5ARGSS5ARect3ryEEmm
                0x0000000008054dd9                _ZN5ARGSS5ARect3rxEEmm
                0x0000000008054e2a                _ZN5ARGSS5ARect4rsetEmmmmm
                0x0000000008054eed                _ZN5ARGSS5ARect11rinitializeEmmmmm
                0x0000000008054fdb                _ZN5ARGSS5ARect6remptyEm
                0x0000000008055051                _ZN5ARGSS5ARect4InitEv
                0x00000000080551f9                _ZN5ARGSS5ARect3NewEdddd
 *fill*         0x000000000805528e        0x2 90909090
 .text          0x0000000008055290     0x5680 ./objs/argss_rpg.o
                0x0000000008055290                _ZN5ARGSS4ARPG23rsystemwords_initializeEm
                0x0000000008055555                _ZN5ARGSS4ARPG21raudiofile_initializeEiPmm
                0x000000000805561e                _ZN5ARGSS4ARPG29rsystemtestbattler_initializeEm
                0x0000000008055708                _ZN5ARGSS4ARPG30rtrooppagecondition_initializeEm
                0x0000000008055834                _ZN5ARGSS4ARPG23rtroopmember_initializeEm
                0x00000000080558d2                _ZN5ARGSS4ARPG23renemyaction_initializeEm
                0x00000000080559f2                _ZN5ARGSS4ARPG25rclasslearning_initializeEm
                0x0000000008055a55                _ZN5ARGSS4ARPG28reventpagegraphic_initializeEm
                0x0000000008055b41                _ZN5ARGSS4ARPG30reventpagecondition_initializeEm
                0x0000000008055c39                _ZN5ARGSS4ARPG19rmapinfo_initializeEm
                0x0000000008055d02                _ZN5ARGSS4ARPG23rcommonevent_initializeEm
                0x0000000008055dc8                _ZN5ARGSS4ARPG21rtrooppage_initializeEm
                0x0000000008055e5e                _ZN5ARGSS4ARPG21rmoveroute_initializeEm
                0x0000000008055ed8                _ZN5ARGSS4ARPG21reventpage_initializeEm
                0x0000000008056051                _ZN5ARGSS4ARPG17revent_initializeEmmm
                0x000000000805610a                _ZN5ARGSS4ARPG18rsystem_initializeEm
                0x00000000080565b3                _ZN5ARGSS4ARPG21ranimation_initializeEm
                0x00000000080566c6                _ZN5ARGSS4ARPG17rstate_initializeEm
                0x0000000008056995                _ZN5ARGSS4ARPG17rtroop_initializeEm
                0x0000000008056a3a                _ZN5ARGSS4ARPG17rarmor_initializeEm
                0x0000000008056c11                _ZN5ARGSS4ARPG18rweapon_initializeEm
                0x0000000008056dfd                _ZN5ARGSS4ARPG16ritem_initializeEm
                0x00000000080570ec                _ZN5ARGSS4ARPG17rskill_initializeEm
                0x00000000080573e6                _ZN5ARGSS4ARPG23rmovecommand_initializeEiPmm
                0x000000000805747c                _ZN5ARGSS4ARPG24reventcommand_initializeEiPmm
                0x0000000008057539                _ZN5ARGSS4ARPG17renemy_initializeEm
                0x000000000805781d                _ZN5ARGSS4ARPG17rclass_initializeEm
                0x0000000008057912                _ZN5ARGSS4ARPG19rtileset_initializeEm
                0x0000000008057b6a                _ZN5ARGSS4ARPG27ranimationtiming_initializeEm
                0x0000000008057c80                _ZN5ARGSS4ARPG26ranimationframe_initializeEm
                0x0000000008057cfd                _ZN5ARGSS4ARPG17ractor_initializeEm
                0x0000000008058008                _ZN5ARGSS4ARPG15rmap_initializeEmmm
                0x000000000805817c                _ZN5ARGSS4ARPG4InitEv
 .text          0x000000000805a910      0xd37 ./objs/argss_rpg_cache.o
                0x000000000805a910                _ZN5ARGSS4ARPG6ACache6rclearEm
                0x000000000805aa88                _ZN5ARGSS4ARPG6ACache12rload_bitmapEiPmm
                0x000000000805acc0                _ZN5ARGSS4ARPG6ACache11rwindowskinEmm
                0x000000000805ad32                _ZN5ARGSS4ARPG6ACache6rtitleEmm
                0x000000000805ada4                _ZN5ARGSS4ARPG6ACache8rtilesetEmm
                0x000000000805ae16                _ZN5ARGSS4ARPG6ACache5rtileEmmmm
                0x000000000805afec                _ZN5ARGSS4ARPG6ACache8rpictureEmm